<html>
<body>
<pre>
<h1>礦ision Build Log</h1>
<h2>Tool Versions:</h2>
IDE-Version: μVision V5.14.2
Copyright (C) 2015 ARM Ltd and ARM Germany GmbH. All rights reserved.
License Information: Cortex-M3, H, LIC=32B1Q-NJ3EW-GKCBG-VTY18-BNK0L-Z4ACI
 
Tool Versions:
Toolchain:       MDK-ARM Standard  Version: 5.32.0.0
Toolchain Path:  F:\keil5\ARM\ARMCC\Bin
C Compiler:      Armcc.exe V5.06 update 7 (build 960)
Assembler:       Armasm.exe V5.06 update 7 (build 960)
Linker/Locator:  ArmLink.exe V5.06 update 7 (build 960)
Library Manager: ArmAr.exe V5.06 update 7 (build 960)
Hex Converter:   FromElf.exe V5.06 update 7 (build 960)
CPU DLL:         SARMCM3.DLL V5.32.0.0
Dialog DLL:      DARMSTM.DLL V1.68.0.0
Target DLL:      UL2CM3.DLL V1.163.9.0
Dialog DLL:      TARMSTM.DLL V1.66.0.0
 
<h2>Project:</h2>
F:\desktop\数字电位器\Project.uvprojx
Project File Date:  05/17/2024

<h2>Output:</h2>
*** Using Compiler 'V5.06 update 7 (build 960)', folder: 'F:\keil5\ARM\ARMCC\Bin'
Rebuild target 'Target 1'
compiling core_cm3.c...
compiling system_stm32f10x.c...
assembling startup_stm32f10x_hd.s...
compiling misc.c...
compiling stm32f10x_adc.c...
compiling stm32f10x_bkp.c...
compiling stm32f10x_can.c...
compiling stm32f10x_cec.c...
compiling stm32f10x_crc.c...
compiling stm32f10x_dac.c...
compiling stm32f10x_dbgmcu.c...
compiling stm32f10x_dma.c...
compiling stm32f10x_exti.c...
compiling stm32f10x_flash.c...
compiling stm32f10x_fsmc.c...
compiling stm32f10x_gpio.c...
compiling stm32f10x_i2c.c...
compiling stm32f10x_iwdg.c...
compiling stm32f10x_pwr.c...
compiling stm32f10x_rcc.c...
compiling stm32f10x_rtc.c...
compiling stm32f10x_sdio.c...
compiling stm32f10x_spi.c...
compiling stm32f10x_tim.c...
compiling stm32f10x_usart.c...
compiling stm32f10x_wwdg.c...
compiling main.c...
.\software\MyExti.h(6): warning:  #1-D: last line of file ends without a newline
  #endif
User\main.c(50): warning:  #167-D: argument of type "uint8_t *" is incompatible with parameter of type "char *"
                                Usart_SendString( DEBUG_USARTx,ADC0_Buf);
User\main.c(55): warning:  #167-D: argument of type "uint8_t *" is incompatible with parameter of type "char *"
                                Usart_SendString( DEBUG_USARTx,ADC1_Buf);
User\main.c(63): warning:  #167-D: argument of type "uint8_t *" is incompatible with parameter of type "char *"
                                Usart_SendString( DEBUG_USARTx,ADC0_Buf);
User\main.c(71): warning:  #167-D: argument of type "uint8_t *" is incompatible with parameter of type "char *"
                                Usart_SendString( DEBUG_USARTx,ADC1_Buf);
User\main.c(92): warning:  #550-D: variable "input_singal"  was set but never used
        float input_singal;
User\main.c: 6 warnings, 0 errors
compiling stm32f10x_it.c...
compiling MySPI.c...
compiling AD.c...
compiling sys.c...
compiling bsp_usart.c...
compiling delay.c...
compiling MyExti.c...
software\MyExti.c(40): warning:  #1-D: last line of file ends without a newline
  }
software\MyExti.c: 1 warning, 0 errors
compiling oled.c...
compiling AD5293.c...
compiling ADS1115.c...
hardware\ADS1115.c(219): warning:  #550-D: variable "config"  was set but never used
                uint16_t config=0;
hardware\ADS1115.c: 1 warning, 0 errors
compiling ADS1115_IIC.c...
compiling Key.c...
linking...
Program Size: Code=11366 RO-data=2410 RW-data=136 ZI-data=1632  
FromELF: creating hex file...
".\Objects\Project.axf" - 0 Error(s), 8 Warning(s).

<h2>Collection of Component include folders:</h2>
  F:\desktop\数字电位器\RTE
  F:\keil5\Keil\STM32F1xx_DFP\2.2.0\Device\Include

<h2>Collection of Component Files used:</h2>
</pre>
</body>
</html>
