Component: ARM Compiler 5.06 update 7 (build 960) Tool: armlink [4d3601]

==============================================================================

Section Cross References

    system_stm32f10x.o(i.SetSysClock) refers to system_stm32f10x.o(i.SetSysClockTo72) for SetSysClockTo72
    system_stm32f10x.o(i.SystemCoreClockUpdate) refers to system_stm32f10x.o(.data) for SystemCoreClock
    system_stm32f10x.o(i.SystemInit) refers to system_stm32f10x.o(i.SetSysClock) for SetSysClock
    startup_stm32f10x_hd.o(STACK) refers (Special) to heapauxi.o(.text) for __use_two_region_memory
    startup_stm32f10x_hd.o(HEAP) refers (Special) to heapauxi.o(.text) for __use_two_region_memory
    startup_stm32f10x_hd.o(RESET) refers (Special) to heapauxi.o(.text) for __use_two_region_memory
    startup_stm32f10x_hd.o(RESET) refers to startup_stm32f10x_hd.o(STACK) for __initial_sp
    startup_stm32f10x_hd.o(RESET) refers to startup_stm32f10x_hd.o(.text) for Reset_Handler
    startup_stm32f10x_hd.o(RESET) refers to stm32f10x_it.o(i.NMI_Handler) for NMI_Handler
    startup_stm32f10x_hd.o(RESET) refers to stm32f10x_it.o(i.HardFault_Handler) for HardFault_Handler
    startup_stm32f10x_hd.o(RESET) refers to stm32f10x_it.o(i.MemManage_Handler) for MemManage_Handler
    startup_stm32f10x_hd.o(RESET) refers to stm32f10x_it.o(i.BusFault_Handler) for BusFault_Handler
    startup_stm32f10x_hd.o(RESET) refers to stm32f10x_it.o(i.UsageFault_Handler) for UsageFault_Handler
    startup_stm32f10x_hd.o(RESET) refers to stm32f10x_it.o(i.SVC_Handler) for SVC_Handler
    startup_stm32f10x_hd.o(RESET) refers to stm32f10x_it.o(i.DebugMon_Handler) for DebugMon_Handler
    startup_stm32f10x_hd.o(RESET) refers to stm32f10x_it.o(i.PendSV_Handler) for PendSV_Handler
    startup_stm32f10x_hd.o(RESET) refers to stm32f10x_it.o(i.SysTick_Handler) for SysTick_Handler
    startup_stm32f10x_hd.o(.text) refers (Special) to heapauxi.o(.text) for __use_two_region_memory
    startup_stm32f10x_hd.o(.text) refers to system_stm32f10x.o(i.SystemInit) for SystemInit
    startup_stm32f10x_hd.o(.text) refers to __main.o(!!!main) for __main
    startup_stm32f10x_hd.o(.text) refers to startup_stm32f10x_hd.o(HEAP) for Heap_Mem
    startup_stm32f10x_hd.o(.text) refers to startup_stm32f10x_hd.o(STACK) for Stack_Mem
    stm32f10x_adc.o(i.ADC_DeInit) refers to stm32f10x_rcc.o(i.RCC_APB2PeriphResetCmd) for RCC_APB2PeriphResetCmd
    stm32f10x_bkp.o(i.BKP_DeInit) refers to stm32f10x_rcc.o(i.RCC_BackupResetCmd) for RCC_BackupResetCmd
    stm32f10x_can.o(i.CAN_DeInit) refers to stm32f10x_rcc.o(i.RCC_APB1PeriphResetCmd) for RCC_APB1PeriphResetCmd
    stm32f10x_can.o(i.CAN_GetITStatus) refers to stm32f10x_can.o(i.CheckITStatus) for CheckITStatus
    stm32f10x_cec.o(i.CEC_DeInit) refers to stm32f10x_rcc.o(i.RCC_APB1PeriphResetCmd) for RCC_APB1PeriphResetCmd
    stm32f10x_dac.o(i.DAC_DeInit) refers to stm32f10x_rcc.o(i.RCC_APB1PeriphResetCmd) for RCC_APB1PeriphResetCmd
    stm32f10x_flash.o(i.FLASH_EnableWriteProtection) refers to stm32f10x_flash.o(i.FLASH_WaitForLastOperation) for FLASH_WaitForLastOperation
    stm32f10x_flash.o(i.FLASH_EraseAllBank1Pages) refers to stm32f10x_flash.o(i.FLASH_WaitForLastBank1Operation) for FLASH_WaitForLastBank1Operation
    stm32f10x_flash.o(i.FLASH_EraseAllPages) refers to stm32f10x_flash.o(i.FLASH_WaitForLastOperation) for FLASH_WaitForLastOperation
    stm32f10x_flash.o(i.FLASH_EraseOptionBytes) refers to stm32f10x_flash.o(i.FLASH_GetReadOutProtectionStatus) for FLASH_GetReadOutProtectionStatus
    stm32f10x_flash.o(i.FLASH_EraseOptionBytes) refers to stm32f10x_flash.o(i.FLASH_WaitForLastOperation) for FLASH_WaitForLastOperation
    stm32f10x_flash.o(i.FLASH_ErasePage) refers to stm32f10x_flash.o(i.FLASH_WaitForLastOperation) for FLASH_WaitForLastOperation
    stm32f10x_flash.o(i.FLASH_ProgramHalfWord) refers to stm32f10x_flash.o(i.FLASH_WaitForLastOperation) for FLASH_WaitForLastOperation
    stm32f10x_flash.o(i.FLASH_ProgramOptionByteData) refers to stm32f10x_flash.o(i.FLASH_WaitForLastOperation) for FLASH_WaitForLastOperation
    stm32f10x_flash.o(i.FLASH_ProgramWord) refers to stm32f10x_flash.o(i.FLASH_WaitForLastOperation) for FLASH_WaitForLastOperation
    stm32f10x_flash.o(i.FLASH_ReadOutProtection) refers to stm32f10x_flash.o(i.FLASH_WaitForLastOperation) for FLASH_WaitForLastOperation
    stm32f10x_flash.o(i.FLASH_UserOptionByteConfig) refers to stm32f10x_flash.o(i.FLASH_WaitForLastOperation) for FLASH_WaitForLastOperation
    stm32f10x_flash.o(i.FLASH_WaitForLastBank1Operation) refers to stm32f10x_flash.o(i.FLASH_GetBank1Status) for FLASH_GetBank1Status
    stm32f10x_flash.o(i.FLASH_WaitForLastOperation) refers to stm32f10x_flash.o(i.FLASH_GetBank1Status) for FLASH_GetBank1Status
    stm32f10x_gpio.o(i.GPIO_AFIODeInit) refers to stm32f10x_rcc.o(i.RCC_APB2PeriphResetCmd) for RCC_APB2PeriphResetCmd
    stm32f10x_gpio.o(i.GPIO_DeInit) refers to stm32f10x_rcc.o(i.RCC_APB2PeriphResetCmd) for RCC_APB2PeriphResetCmd
[...]
    Removing stm32f10x_tim.o(i.TIM_SetCompare4), (6 bytes).
    Removing stm32f10x_tim.o(i.TIM_SetCounter), (4 bytes).
    Removing stm32f10x_tim.o(i.TIM_SetIC1Prescaler), (18 bytes).
    Removing stm32f10x_tim.o(i.TIM_SetIC2Prescaler), (26 bytes).
    Removing stm32f10x_tim.o(i.TIM_SetIC3Prescaler), (18 bytes).
    Removing stm32f10x_tim.o(i.TIM_SetIC4Prescaler), (26 bytes).
    Removing stm32f10x_tim.o(i.TIM_TIxExternalClockConfig), (62 bytes).
    Removing stm32f10x_tim.o(i.TIM_TimeBaseInit), (164 bytes).
    Removing stm32f10x_tim.o(i.TIM_TimeBaseStructInit), (18 bytes).
    Removing stm32f10x_tim.o(i.TIM_UpdateDisableConfig), (24 bytes).
    Removing stm32f10x_tim.o(i.TIM_UpdateRequestConfig), (24 bytes).
    Removing stm32f10x_usart.o(i.USART_ClearFlag), (18 bytes).
    Removing stm32f10x_usart.o(i.USART_ClearITPendingBit), (30 bytes).
    Removing stm32f10x_usart.o(i.USART_ClockInit), (34 bytes).
    Removing stm32f10x_usart.o(i.USART_ClockStructInit), (12 bytes).
    Removing stm32f10x_usart.o(i.USART_DMACmd), (18 bytes).
    Removing stm32f10x_usart.o(i.USART_DeInit), (156 bytes).
    Removing stm32f10x_usart.o(i.USART_GetITStatus), (84 bytes).
    Removing stm32f10x_usart.o(i.USART_HalfDuplexCmd), (24 bytes).
    Removing stm32f10x_usart.o(i.USART_IrDACmd), (24 bytes).
    Removing stm32f10x_usart.o(i.USART_IrDAConfig), (18 bytes).
    Removing stm32f10x_usart.o(i.USART_LINBreakDetectLengthConfig), (18 bytes).
    Removing stm32f10x_usart.o(i.USART_LINCmd), (24 bytes).
    Removing stm32f10x_usart.o(i.USART_OneBitMethodCmd), (24 bytes).
    Removing stm32f10x_usart.o(i.USART_OverSampling8Cmd), (22 bytes).
    Removing stm32f10x_usart.o(i.USART_ReceiveData), (10 bytes).
    Removing stm32f10x_usart.o(i.USART_ReceiverWakeUpCmd), (24 bytes).
    Removing stm32f10x_usart.o(i.USART_SendBreak), (10 bytes).
    Removing stm32f10x_usart.o(i.USART_SetAddress), (18 bytes).
    Removing stm32f10x_usart.o(i.USART_SetGuardTime), (16 bytes).
    Removing stm32f10x_usart.o(i.USART_SetPrescaler), (16 bytes).
    Removing stm32f10x_usart.o(i.USART_SmartCardCmd), (24 bytes).
    Removing stm32f10x_usart.o(i.USART_SmartCardNACKCmd), (24 bytes).
    Removing stm32f10x_usart.o(i.USART_StructInit), (24 bytes).
    Removing stm32f10x_usart.o(i.USART_WakeUpConfig), (18 bytes).
    Removing stm32f10x_wwdg.o(i.WWDG_ClearFlag), (12 bytes).
    Removing stm32f10x_wwdg.o(i.WWDG_DeInit), (22 bytes).
    Removing stm32f10x_wwdg.o(i.WWDG_Enable), (16 bytes).
    Removing stm32f10x_wwdg.o(i.WWDG_EnableIT), (12 bytes).
    Removing stm32f10x_wwdg.o(i.WWDG_GetFlagStatus), (12 bytes).
    Removing stm32f10x_wwdg.o(i.WWDG_SetCounter), (16 bytes).
    Removing stm32f10x_wwdg.o(i.WWDG_SetPrescaler), (24 bytes).
    Removing stm32f10x_wwdg.o(i.WWDG_SetWindowValue), (40 bytes).
    Removing ad.o(i.AD_GetValue), (52 bytes).
    Removing ad.o(i.AD_Init), (148 bytes).
    Removing sys.o(i.NVIC_Configuration), (38 bytes).
    Removing bsp_usart.o(i.Usart_SendArray), (48 bytes).
    Removing bsp_usart.o(i.Usart_SendHalfWord), (60 bytes).
    Removing bsp_usart.o(i.fgetc), (32 bytes).
    Removing bsp_usart.o(i.fputc), (36 bytes).
    Removing delay.o(i.DelayS), (26 bytes).
    Removing myexti.o(i.MyExti_Init), (164 bytes).
    Removing oled.o(i.Delay_1ms), (26 bytes).
    Removing oled.o(i.Delay_50ms), (22 bytes).
    Removing oled.o(i.OLED_Display_Off), (28 bytes).
    Removing oled.o(i.OLED_Display_On), (28 bytes).
    Removing oled.o(i.OLED_DrawBMP), (118 bytes).
    Removing oled.o(i.OLED_Float2), (360 bytes).
    Removing oled.o(i.OLED_Num2), (156 bytes).
    Removing oled.o(i.OLED_Num3), (200 bytes).
    Removing oled.o(i.OLED_Num4), (134 bytes).
    Removing oled.o(i.OLED_Num5), (152 bytes).
    Removing oled.o(i.OLED_Num_write), (68 bytes).
    Removing oled.o(i.OLED_On), (62 bytes).
    Removing oled.o(i.OLED_ShowCHinese), (104 bytes).
    Removing oled.o(i.OLED_ShowNumber), (136 bytes).
    Removing oled.o(i.OLED_fuhao_write), (64 bytes).
    Removing oled.o(i.fill_picture), (64 bytes).
    Removing oled.o(i.oled_pow), (22 bytes).
    Removing oled.o(.data), (896 bytes).
    Removing ads1115.o(i.ADS1115_SetMode), (36 bytes).
    Removing ads1115.o(i.ADS1115_SetOSMode), (38 bytes).
    Removing ads1115.o(i.ADS1115_SetRate), (34 bytes).
    Removing ads1115_iic.o(i.IIC_WriteReg), (54 bytes).
    Removing ads1115_iic.o(i.IIC_Write_addr), (42 bytes).

486 unused section(s) (total 21496 bytes) removed from the image.

==============================================================================

Image Symbol Table

    Local Symbols

    Symbol Name                              Value     Ov Type        Size  Object(Section)

    ../clib/angel/boardlib.s                 0x00000000   Number         0  boardinit3.o ABSOLUTE
    ../clib/angel/boardlib.s                 0x00000000   Number         0  boardinit1.o ABSOLUTE
    ../clib/angel/boardlib.s                 0x00000000   Number         0  boardinit2.o ABSOLUTE
    ../clib/angel/boardlib.s                 0x00000000   Number         0  boardshut.o ABSOLUTE
    ../clib/angel/handlers.s                 0x00000000   Number         0  __scatter_copy.o ABSOLUTE
    ../clib/angel/handlers.s                 0x00000000   Number         0  __scatter_zi.o ABSOLUTE
    ../clib/angel/kernel.s                   0x00000000   Number         0  __rtentry.o ABSOLUTE
    ../clib/angel/kernel.s                   0x00000000   Number         0  rtexit.o ABSOLUTE
    ../clib/angel/kernel.s                   0x00000000   Number         0  rtexit2.o ABSOLUTE
    ../clib/angel/kernel.s                   0x00000000   Number         0  __rtentry4.o ABSOLUTE
    ../clib/angel/kernel.s                   0x00000000   Number         0  __rtentry2.o ABSOLUTE
    ../clib/angel/rt.s                       0x00000000   Number         0  rt_raise.o ABSOLUTE
    ../clib/angel/scatter.s                  0x00000000   Number         0  __scatter.o ABSOLUTE
    ../clib/angel/startup.s                  0x00000000   Number         0  __main.o ABSOLUTE
    ../clib/angel/sys.s                      0x00000000   Number         0  libspace.o ABSOLUTE
    ../clib/angel/sys.s                      0x00000000   Number         0  use_no_semi.o ABSOLUTE
    ../clib/angel/sys.s                      0x00000000   Number         0  indicate_semi.o ABSOLUTE
    ../clib/angel/sys.s                      0x00000000   Number         0  sys_stackheap_outer.o ABSOLUTE
    ../clib/angel/sysapp.c                   0x00000000   Number         0  sys_wrch.o ABSOLUTE
    ../clib/angel/sysapp.c                   0x00000000   Number         0  sys_exit.o ABSOLUTE
    ../clib/angel/sysapp.c                   0x00000000   Number         0  sys_command.o ABSOLUTE
    ../clib/armsys.c                         0x00000000   Number         0  no_argv.o ABSOLUTE
    ../clib/armsys.c                         0x00000000   Number         0  _get_argv_nomalloc.o ABSOLUTE
    ../clib/armsys.c                         0x00000000   Number         0  argv_veneer.o ABSOLUTE
    ../clib/armsys.c                         0x00000000   Number         0  argv_veneer.o ABSOLUTE
    ../clib/heapalloc.c                      0x00000000   Number         0  hrguard.o ABSOLUTE
    ../clib/heapaux.c                        0x00000000   Number         0  heapauxi.o ABSOLUTE
    ../clib/libinit.s                        0x00000000   Number         0  libinit.o ABSOLUTE
    ../clib/libinit.s                        0x00000000   Number         0  libshutdown.o ABSOLUTE
    ../clib/libinit.s                        0x00000000   Number         0  libinit2.o ABSOLUTE
    ../clib/libinit.s                        0x00000000   Number         0  libshutdown2.o ABSOLUTE
    ../clib/signal.c                         0x00000000   Number         0  defsig_exit.o ABSOLUTE
    ../clib/signal.c                         0x00000000   Number         0  defsig_other.o ABSOLUTE
    ../clib/signal.c                         0x00000000   Number         0  defsig_fpe_inner.o ABSOLUTE
    ../clib/signal.c                         0x00000000   Number         0  defsig_rtmem_inner.o ABSOLUTE
    ../clib/signal.c                         0x00000000   Number         0  __raise.o ABSOLUTE
    ../clib/signal.c                         0x00000000   Number         0  defsig_general.o ABSOLUTE
    ../clib/signal.c                         0x00000000   Number         0  defsig_segv_inner.o ABSOLUTE
    ../clib/signal.c                         0x00000000   Number         0  defsig_cppl_inner.o ABSOLUTE
    ../clib/signal.c                         0x00000000   Number         0  defsig_pvfn_inner.o ABSOLUTE
    ../clib/signal.c                         0x00000000   Number         0  defsig_rtred_inner.o ABSOLUTE
    ../clib/signal.c                         0x00000000   Number         0  defsig_abrt_inner.o ABSOLUTE
    ../clib/signal.c                         0x00000000   Number         0  defsig_rtmem_formal.o ABSOLUTE
    ../clib/signal.c                         0x00000000   Number         0  defsig_rtmem_outer.o ABSOLUTE
    ../clib/signal.c                         0x00000000   Number         0  defsig_stak_inner.o ABSOLUTE
    ../clib/signal.s                         0x00000000   Number         0  defsig.o ABSOLUTE
    ../clib/stdlib.c                         0x00000000   Number         0  exit.o ABSOLUTE
    ../fplib/d2f.s                           0x00000000   Number         0  d2f.o ABSOLUTE
    ../fplib/daddsub.s                       0x00000000   Number         0  daddsub_clz.o ABSOLUTE
    ../fplib/dcmpi.s                         0x00000000   Number         0  dcmpi.o ABSOLUTE
    ../fplib/ddiv.s                          0x00000000   Number         0  ddiv.o ABSOLUTE
    ../fplib/dfix.s                          0x00000000   Number         0  dfix.o ABSOLUTE
    ../fplib/dfixu.s                         0x00000000   Number         0  dfixu.o ABSOLUTE
    ../fplib/dflt.s                          0x00000000   Number         0  dflt_clz.o ABSOLUTE
    ../fplib/dleqf.s                         0x00000000   Number         0  dleqf.o ABSOLUTE
    ../fplib/dmul.s                          0x00000000   Number         0  dmul.o ABSOLUTE
    ../fplib/dnaninf.s                       0x00000000   Number         0  dnaninf.o ABSOLUTE
    ../fplib/dretinf.s                       0x00000000   Number         0  dretinf.o ABSOLUTE
    ../fplib/drleqf.s                        0x00000000   Number         0  drleqf.o ABSOLUTE
    ../fplib/f2d.s                           0x00000000   Number         0  f2d.o ABSOLUTE
    ../fplib/faddsub.s                       0x00000000   Number         0  faddsub_clz.o ABSOLUTE
    ../fplib/fcmpi.s                         0x00000000   Number         0  fcmpi.o ABSOLUTE
    ../fplib/fdiv.s                          0x00000000   Number         0  fdiv.o ABSOLUTE
    ../fplib/ffix.s                          0x00000000   Number         0  ffix.o ABSOLUTE
    ../fplib/fflt.s                          0x00000000   Number         0  fflt_clz.o ABSOLUTE
    ../fplib/fleqf.s                         0x00000000   Number         0  fleqf.o ABSOLUTE
    ../fplib/fmul.s                          0x00000000   Number         0  fmul.o ABSOLUTE
    ../fplib/fnaninf.s                       0x00000000   Number         0  fnaninf.o ABSOLUTE
    ../fplib/fpinit.s                        0x00000000   Number         0  fpinit.o ABSOLUTE
    ../fplib/fretinf.s                       0x00000000   Number         0  fretinf.o ABSOLUTE
    ../fplib/frleqf.s                        0x00000000   Number         0  frleqf.o ABSOLUTE
    ../fplib/usenofp.s                       0x00000000   Number         0  usenofp.o ABSOLUTE
    Library\misc.c                           0x00000000   Number         0  misc.o ABSOLUTE
    Library\stm32f10x_adc.c                  0x00000000   Number         0  stm32f10x_adc.o ABSOLUTE
    Library\stm32f10x_bkp.c                  0x00000000   Number         0  stm32f10x_bkp.o ABSOLUTE
    Library\stm32f10x_can.c                  0x00000000   Number         0  stm32f10x_can.o ABSOLUTE
    Library\stm32f10x_cec.c                  0x00000000   Number         0  stm32f10x_cec.o ABSOLUTE
    Library\stm32f10x_crc.c                  0x00000000   Number         0  stm32f10x_crc.o ABSOLUTE
    Library\stm32f10x_dac.c                  0x00000000   Number         0  stm32f10x_dac.o ABSOLUTE
    Library\stm32f10x_dbgmcu.c               0x00000000   Number         0  stm32f10x_dbgmcu.o ABSOLUTE
    Library\stm32f10x_dma.c                  0x00000000   Number         0  stm32f10x_dma.o ABSOLUTE
    Library\stm32f10x_exti.c                 0x00000000   Number         0  stm32f10x_exti.o ABSOLUTE
    Library\stm32f10x_flash.c                0x00000000   Number         0  stm32f10x_flash.o ABSOLUTE
    Library\stm32f10x_fsmc.c                 0x00000000   Number         0  stm32f10x_fsmc.o ABSOLUTE
    Library\stm32f10x_gpio.c                 0x00000000   Number         0  stm32f10x_gpio.o ABSOLUTE
    Library\stm32f10x_i2c.c                  0x00000000   Number         0  stm32f10x_i2c.o ABSOLUTE
    Library\stm32f10x_iwdg.c                 0x00000000   Number         0  stm32f10x_iwdg.o ABSOLUTE
    Library\stm32f10x_pwr.c                  0x00000000   Number         0  stm32f10x_pwr.o ABSOLUTE
    Library\stm32f10x_rcc.c                  0x00000000   Number         0  stm32f10x_rcc.o ABSOLUTE
    Library\stm32f10x_rtc.c                  0x00000000   Number         0  stm32f10x_rtc.o ABSOLUTE
    Library\stm32f10x_sdio.c                 0x00000000   Number         0  stm32f10x_sdio.o ABSOLUTE
    Library\stm32f10x_spi.c                  0x00000000   Number         0  stm32f10x_spi.o ABSOLUTE
    Library\stm32f10x_tim.c                  0x00000000   Number         0  stm32f10x_tim.o ABSOLUTE
    Library\stm32f10x_usart.c                0x00000000   Number         0  stm32f10x_usart.o ABSOLUTE
    Library\stm32f10x_wwdg.c                 0x00000000   Number         0  stm32f10x_wwdg.o ABSOLUTE
    Start\\core_cm3.c                        0x00000000   Number         0  core_cm3.o ABSOLUTE
    Start\core_cm3.c                         0x00000000   Number         0  core_cm3.o ABSOLUTE
    Start\startup_stm32f10x_hd.s             0x00000000   Number         0  startup_stm32f10x_hd.o ABSOLUTE
    Start\system_stm32f10x.c                 0x00000000   Number         0  system_stm32f10x.o ABSOLUTE
    User\main.c                              0x00000000   Number         0  main.o ABSOLUTE
    User\stm32f10x_it.c                      0x00000000   Number         0  stm32f10x_it.o ABSOLUTE
    dc.s                                     0x00000000   Number         0  dc.o ABSOLUTE
    hardware\AD5293.c                        0x00000000   Number         0  ad5293.o ABSOLUTE
    hardware\ADS1115.c                       0x00000000   Number         0  ads1115.o ABSOLUTE
    hardware\ADS1115_IIC.c                   0x00000000   Number         0  ads1115_iic.o ABSOLUTE
    hardware\Key.c                           0x00000000   Number         0  key.o ABSOLUTE
    software\AD.c                            0x00000000   Number         0  ad.o ABSOLUTE
    software\MyExti.c                        0x00000000   Number         0  myexti.o ABSOLUTE
    software\MySPI.c                         0x00000000   Number         0  myspi.o ABSOLUTE
    software\bsp_usart.c                     0x00000000   Number         0  bsp_usart.o ABSOLUTE
    software\delay.c                         0x00000000   Number         0  delay.o ABSOLUTE
    software\oled.c                          0x00000000   Number         0  oled.o ABSOLUTE
    software\sys.c                           0x00000000   Number         0  sys.o ABSOLUTE
    RESET                                    0x08000000   Section      304  startup_stm32f10x_hd.o(RESET)
    !!!main                                  0x08000130   Section        8  __main.o(!!!main)
    !!!scatter                               0x08000138   Section       52  __scatter.o(!!!scatter)
    !!handler_copy                           0x0800016c   Section       26  __scatter_copy.o(!!handler_copy)
    !!handler_zi                             0x08000188   Section       28  __scatter_zi.o(!!handler_zi)
    .ARM.Collect$$libinit$$00000000          0x080001a4   Section        2  libinit.o(.ARM.Collect$$libinit$$00000000)
    .ARM.Collect$$libinit$$00000002          0x080001a6   Section        0  libinit2.o(.ARM.Collect$$libinit$$00000002)
    .ARM.Collect$$libinit$$00000004          0x080001a6   Section        0  libinit2.o(.ARM.Collect$$libinit$$00000004)
    .ARM.Collect$$libinit$$0000000A          0x080001a6   Section        0  libinit2.o(.ARM.Collect$$libinit$$0000000A)
    .ARM.Collect$$libinit$$0000000C          0x080001a6   Section        0  libinit2.o(.ARM.Collect$$libinit$$0000000C)
    .ARM.Collect$$libinit$$0000000E          0x080001a6   Section        0  libinit2.o(.ARM.Collect$$libinit$$0000000E)
    .ARM.Collect$$libinit$$00000011          0x080001a6   Section        0  libinit2.o(.ARM.Collect$$libinit$$00000011)
    .ARM.Collect$$libinit$$00000013          0x080001a6   Section        0  libinit2.o(.ARM.Collect$$libinit$$00000013)
    .ARM.Collect$$libinit$$00000015          0x080001a6   Section        0  libinit2.o(.ARM.Collect$$libinit$$00000015)
    .ARM.Collect$$libinit$$00000017          0x080001a6   Section        0  libinit2.o(.ARM.Collect$$libinit$$00000017)
    .ARM.Collect$$libinit$$00000019          0x080001a6   Section        0  libinit2.o(.ARM.Collect$$libinit$$00000019)
    .ARM.Collect$$libinit$$0000001B          0x080001a6   Section        0  libinit2.o(.ARM.Collect$$libinit$$0000001B)
    .ARM.Collect$$libinit$$0000001D          0x080001a6   Section        0  libinit2.o(.ARM.Collect$$libinit$$0000001D)
    .ARM.Collect$$libinit$$0000001F          0x080001a6   Section        0  libinit2.o(.ARM.Collect$$libinit$$0000001F)
    .ARM.Collect$$libinit$$00000021          0x080001a6   Section        0  libinit2.o(.ARM.Collect$$libinit$$00000021)
    .ARM.Collect$$libinit$$00000023          0x080001a6   Section        0  libinit2.o(.ARM.Collect$$libinit$$00000023)
    .ARM.Collect$$libinit$$00000025          0x080001a6   Section        0  libinit2.o(.ARM.Collect$$libinit$$00000025)
    .ARM.Collect$$libinit$$0000002C          0x080001a6   Section        0  libinit2.o(.ARM.Collect$$libinit$$0000002C)
    .ARM.Collect$$libinit$$0000002E          0x080001a6   Section        0  libinit2.o(.ARM.Collect$$libinit$$0000002E)
    .ARM.Collect$$libinit$$00000030          0x080001a6   Section        0  libinit2.o(.ARM.Collect$$libinit$$00000030)
    .ARM.Collect$$libinit$$00000032          0x080001a6   Section        0  libinit2.o(.ARM.Collect$$libinit$$00000032)
    .ARM.Collect$$libinit$$00000033          0x080001a6   Section        2  libinit2.o(.ARM.Collect$$libinit$$00000033)
    .ARM.Collect$$libshutdown$$00000000      0x080001a8   Section        2  libshutdown.o(.ARM.Collect$$libshutdown$$00000000)
    .ARM.Collect$$libshutdown$$00000002      0x080001aa   Section        0  libshutdown2.o(.ARM.Collect$$libshutdown$$00000002)
    .ARM.Collect$$libshutdown$$00000004      0x080001aa   Section        0  libshutdown2.o(.ARM.Collect$$libshutdown$$00000004)
    .ARM.Collect$$libshutdown$$00000006      0x080001aa   Section        0  libshutdown2.o(.ARM.Collect$$libshutdown$$00000006)
    .ARM.Collect$$libshutdown$$00000009      0x080001aa   Section        0  libshutdown2.o(.ARM.Collect$$libshutdown$$00000009)
    .ARM.Collect$$libshutdown$$0000000C      0x080001aa   Section        0  libshutdown2.o(.ARM.Collect$$libshutdown$$0000000C)
    .ARM.Collect$$libshutdown$$0000000E      0x080001aa   Section        0  libshutdown2.o(.ARM.Collect$$libshutdown$$0000000E)
    .ARM.Collect$$libshutdown$$00000011      0x080001aa   Section        0  libshutdown2.o(.ARM.Collect$$libshutdown$$00000011)
    .ARM.Collect$$libshutdown$$00000012      0x080001aa   Section        2  libshutdown2.o(.ARM.Collect$$libshutdown$$00000012)
    .ARM.Collect$$rtentry$$00000000          0x080001ac   Section        0  __rtentry.o(.ARM.Collect$$rtentry$$00000000)
    .ARM.Collect$$rtentry$$00000002          0x080001ac   Section        0  __rtentry2.o(.ARM.Collect$$rtentry$$00000002)
    .ARM.Collect$$rtentry$$00000004          0x080001ac   Section        6  __rtentry4.o(.ARM.Collect$$rtentry$$00000004)
    .ARM.Collect$$rtentry$$00000009          0x080001b2   Section        0  __rtentry2.o(.ARM.Collect$$rtentry$$00000009)
    .ARM.Collect$$rtentry$$0000000A          0x080001b2   Section        4  __rtentry2.o(.ARM.Collect$$rtentry$$0000000A)
    .ARM.Collect$$rtentry$$0000000C          0x080001b6   Section        0  __rtentry2.o(.ARM.Collect$$rtentry$$0000000C)
    .ARM.Collect$$rtentry$$0000000D          0x080001b6   Section        8  __rtentry2.o(.ARM.Collect$$rtentry$$0000000D)
    .ARM.Collect$$rtexit$$00000000           0x080001be   Section        2  rtexit.o(.ARM.Collect$$rtexit$$00000000)
    .ARM.Collect$$rtexit$$00000002           0x080001c0   Section        0  rtexit2.o(.ARM.Collect$$rtexit$$00000002)
    .ARM.Collect$$rtexit$$00000003           0x080001c0   Section        4  rtexit2.o(.ARM.Collect$$rtexit$$00000003)
    .ARM.Collect$$rtexit$$00000004           0x080001c4   Section        6  rtexit2.o(.ARM.Collect$$rtexit$$00000004)
    .text                                    0x080001cc   Section       64  startup_stm32f10x_hd.o(.text)
    .text                                    0x0800020c   Section        0  heapauxi.o(.text)
    .text                                    0x08000212   Section       74  sys_stackheap_outer.o(.text)
    .text                                    0x0800025c   Section        0  exit.o(.text)
    .text                                    0x08000270   Section        8  libspace.o(.text)
    .text                                    0x08000278   Section        0  sys_exit.o(.text)
    .text                                    0x08000284   Section        2  use_no_semi.o(.text)
    .text                                    0x08000286   Section        0  indicate_semi.o(.text)
    i.AD5293_CS_HIGH                         0x08000288   Section        0  ad5293.o(i.AD5293_CS_HIGH)
    i.AD5293_CS_LOW                          0x08000298   Section        0  ad5293.o(i.AD5293_CS_LOW)
    i.AD5293_Init                            0x080002a8   Section        0  ad5293.o(i.AD5293_Init)
    i.AD5293_Unlock                          0x08000304   Section        0  ad5293.o(i.AD5293_Unlock)
    i.AD5293_Write                           0x0800031c   Section        0  ad5293.o(i.AD5293_Write)
    i.ADS1115_IIC_Ack                        0x08000340   Section        0  ads1115_iic.o(i.ADS1115_IIC_Ack)
    i.ADS1115_IIC_Delay                      0x08000384   Section        0  ads1115_iic.o(i.ADS1115_IIC_Delay)
    i.ADS1115_IIC_Init                       0x08000390   Section        0  ads1115_iic.o(i.ADS1115_IIC_Init)
    i.ADS1115_IIC_NAck                       0x080003bc   Section        0  ads1115_iic.o(i.ADS1115_IIC_NAck)
    i.ADS1115_IIC_Start                      0x08000400   Section        0  ads1115_iic.o(i.ADS1115_IIC_Start)
    i.ADS1115_IIC_Stop                       0x0800044c   Section        0  ads1115_iic.o(i.ADS1115_IIC_Stop)
    i.ADS1115_IIC_Wait_Ack                   0x08000490   Section        0  ads1115_iic.o(i.ADS1115_IIC_Wait_Ack)
    i.ADS1115_IIC_read_byte                  0x080004f0   Section        0  ads1115_iic.o(i.ADS1115_IIC_read_byte)
    i.ADS1115_IIC_write_byte                 0x08000580   Section        0  ads1115_iic.o(i.ADS1115_IIC_write_byte)
    i.ADS1115_ReadAdsReg                     0x080005f4   Section        0  ads1115_iic.o(i.ADS1115_ReadAdsReg)
    i.ADS1115_ReadVoltage                    0x0800061c   Section        0  ads1115.o(i.ADS1115_ReadVoltage)
    i.ADS1115_SetCompLat                     0x080006b4   Section        0  ads1115.o(i.ADS1115_SetCompLat)
    i.ADS1115_SetCompMode                    0x080006d6   Section        0  ads1115.o(i.ADS1115_SetCompMode)
    i.ADS1115_SetCompQue                     0x080006f8   Section        0  ads1115.o(i.ADS1115_SetCompQue)
    i.ADS1115_SetGain                        0x08000718   Section        0  ads1115.o(i.ADS1115_SetGain)
    i.ADS1115_SetMux                         0x08000798   Section        0  ads1115.o(i.ADS1115_SetMux)
    i.ADS1115_WriteAdsReg                    0x080007bc   Section        0  ads1115_iic.o(i.ADS1115_WriteAdsReg)
    i.BusFault_Handler                       0x080007e2   Section        0  stm32f10x_it.o(i.BusFault_Handler)
    i.DADS1115_SetCompPol                    0x080007e6   Section        0  ads1115.o(i.DADS1115_SetCompPol)
    i.DebugMon_Handler                       0x08000808   Section        0  stm32f10x_it.o(i.DebugMon_Handler)
    i.DelayInit                              0x0800080c   Section        0  delay.o(i.DelayInit)
    i.DelayMs                                0x08000850   Section        0  delay.o(i.DelayMs)
    i.DelayUs                                0x0800089c   Section        0  delay.o(i.DelayUs)
    i.Dis_Dat                                0x080008e8   Section        0  main.o(i.Dis_Dat)
    i.GPIO_Init                              0x08000a68   Section        0  stm32f10x_gpio.o(i.GPIO_Init)
    i.GPIO_OLED_Init                         0x08000b80   Section        0  oled.o(i.GPIO_OLED_Init)
    i.GPIO_PinRemapConfig                    0x08000bc4   Section        0  stm32f10x_gpio.o(i.GPIO_PinRemapConfig)
    i.GPIO_ReadInputDataBit                  0x08000c54   Section        0  stm32f10x_gpio.o(i.GPIO_ReadInputDataBit)
    i.GPIO_ResetBits                         0x08000c66   Section        0  stm32f10x_gpio.o(i.GPIO_ResetBits)
    i.GPIO_SetBits                           0x08000c6a   Section        0  stm32f10x_gpio.o(i.GPIO_SetBits)
    i.HardFault_Handler                      0x08000c6e   Section        0  stm32f10x_it.o(i.HardFault_Handler)
    i.IIC_ReadData                           0x08000c72   Section        0  ads1115_iic.o(i.IIC_ReadData)
    i.IIC_WriteBuf                           0x08000cdc   Section        0  ads1115_iic.o(i.IIC_WriteBuf)
    i.Key_GetNum                             0x08000d24   Section        0  key.o(i.Key_GetNum)
    i.Key_Init                               0x08000d7c   Section        0  key.o(i.Key_Init)
    i.MemManage_Handler                      0x08000da8   Section        0  stm32f10x_it.o(i.MemManage_Handler)
    i.NMI_Handler                            0x08000dac   Section        0  stm32f10x_it.o(i.NMI_Handler)
    i.NVIC_Configuration                     0x08000dae   Section        0  bsp_usart.o(i.NVIC_Configuration)
    NVIC_Configuration                       0x08000daf   Thumb Code    38  bsp_usart.o(i.NVIC_Configuration)
    i.NVIC_Init                              0x08000dd4   Section        0  misc.o(i.NVIC_Init)
    i.NVIC_PriorityGroupConfig               0x08000e44   Section        0  misc.o(i.NVIC_PriorityGroupConfig)
    i.OLED_Clear                             0x08000e58   Section        0  oled.o(i.OLED_Clear)
    i.OLED_Float                             0x08000e98   Section        0  oled.o(i.OLED_Float)
    i.OLED_IIC_Start                         0x08001058   Section        0  oled.o(i.OLED_IIC_Start)
    i.OLED_IIC_Stop                          0x08001088   Section        0  oled.o(i.OLED_IIC_Stop)
    i.OLED_IIC_Wait_Ack                      0x080010b0   Section        0  oled.o(i.OLED_IIC_Wait_Ack)
    i.OLED_Init                              0x080010cc   Section        0  oled.o(i.OLED_Init)
    i.OLED_Set_Pos                           0x080011b4   Section        0  oled.o(i.OLED_Set_Pos)
    i.OLED_ShowChar                          0x080011dc   Section        0  oled.o(i.OLED_ShowChar)
    i.OLED_ShowString                        0x08001280   Section        0  oled.o(i.OLED_ShowString)
    i.OLED_WR_Byte                           0x080012b6   Section        0  oled.o(i.OLED_WR_Byte)
    i.OLED_Write_IIC_Byte                    0x080012d0   Section        0  oled.o(i.OLED_Write_IIC_Byte)
    i.OLED_Write_IIC_Command                 0x0800132c   Section        0  oled.o(i.OLED_Write_IIC_Command)
    i.OLED_Write_IIC_Data                    0x08001358   Section        0  oled.o(i.OLED_Write_IIC_Data)
    i.OLED_printf                            0x08001384   Section        0  main.o(i.OLED_printf)
    i.PendSV_Handler                         0x08001406   Section        0  stm32f10x_it.o(i.PendSV_Handler)
    i.RCC_APB2PeriphClockCmd                 0x08001408   Section        0  stm32f10x_rcc.o(i.RCC_APB2PeriphClockCmd)
    i.RCC_GetClocksFreq                      0x08001428   Section        0  stm32f10x_rcc.o(i.RCC_GetClocksFreq)
    i.SPI1_Init                              0x080014fc   Section        0  myspi.o(i.SPI1_Init)
    i.SPI1_ReadWriteByte                     0x0800158c   Section        0  myspi.o(i.SPI1_ReadWriteByte)
    i.SPI1_SetSpeed                          0x080015e0   Section        0  myspi.o(i.SPI1_SetSpeed)
    i.SPI_Cmd                                0x08001608   Section        0  stm32f10x_spi.o(i.SPI_Cmd)
    i.SPI_I2S_GetFlagStatus                  0x08001620   Section        0  stm32f10x_spi.o(i.SPI_I2S_GetFlagStatus)
    i.SPI_I2S_ReceiveData                    0x08001632   Section        0  stm32f10x_spi.o(i.SPI_I2S_ReceiveData)
    i.SPI_I2S_SendData                       0x08001638   Section        0  stm32f10x_spi.o(i.SPI_I2S_SendData)
    i.SPI_Init                               0x0800163c   Section        0  stm32f10x_spi.o(i.SPI_Init)
    i.SVC_Handler                            0x08001678   Section        0  stm32f10x_it.o(i.SVC_Handler)
    i.SetSysClock                            0x0800167a   Section        0  system_stm32f10x.o(i.SetSysClock)
    SetSysClock                              0x0800167b   Thumb Code     8  system_stm32f10x.o(i.SetSysClock)
    i.SetSysClockTo72                        0x08001684   Section        0  system_stm32f10x.o(i.SetSysClockTo72)
    SetSysClockTo72                          0x08001685   Thumb Code   214  system_stm32f10x.o(i.SetSysClockTo72)
    i.SysTick_CLKSourceConfig                0x08001764   Section        0  misc.o(i.SysTick_CLKSourceConfig)
    i.SysTick_Handler                        0x0800178c   Section        0  stm32f10x_it.o(i.SysTick_Handler)
    i.SystemInit                             0x08001790   Section        0  system_stm32f10x.o(i.SystemInit)
    i.USART_Cmd                              0x080017f0   Section        0  stm32f10x_usart.o(i.USART_Cmd)
    i.USART_Config                           0x08001808   Section        0  bsp_usart.o(i.USART_Config)
    i.USART_GetFlagStatus                    0x08001898   Section        0  stm32f10x_usart.o(i.USART_GetFlagStatus)
    i.USART_ITConfig                         0x080018b2   Section        0  stm32f10x_usart.o(i.USART_ITConfig)
    i.USART_Init                             0x080018fc   Section        0  stm32f10x_usart.o(i.USART_Init)
    i.USART_SendData                         0x080019d4   Section        0  stm32f10x_usart.o(i.USART_SendData)
    i.UsageFault_Handler                     0x080019dc   Section        0  stm32f10x_it.o(i.UsageFault_Handler)
    i.Usart_SendByte                         0x080019e0   Section        0  bsp_usart.o(i.Usart_SendByte)
    i.Usart_SendString                       0x080019fe   Section        0  bsp_usart.o(i.Usart_SendString)
    i.gear_position                          0x08001a28   Section        0  main.o(i.gear_position)
    i.just_vol                               0x08001a74   Section        0  main.o(i.just_vol)
    i.main                                   0x08001b08   Section        0  main.o(i.main)
    x$fpl$d2f                                0x08001ce4   Section       98  d2f.o(x$fpl$d2f)
    x$fpl$dadd                               0x08001d48   Section      336  daddsub_clz.o(x$fpl$dadd)
    _dadd1                                   0x08001d59   Thumb Code     0  daddsub_clz.o(x$fpl$dadd)
    x$fpl$dcmpinf                            0x08001e98   Section       24  dcmpi.o(x$fpl$dcmpinf)
    x$fpl$ddiv                               0x08001eb0   Section      688  ddiv.o(x$fpl$ddiv)
    ddiv_entry                               0x08001eb7   Thumb Code     0  ddiv.o(x$fpl$ddiv)
    x$fpl$dfix                               0x08002160   Section       94  dfix.o(x$fpl$dfix)
    x$fpl$dfixu                              0x080021c0   Section       90  dfixu.o(x$fpl$dfixu)
    x$fpl$dflt                               0x0800221a   Section       46  dflt_clz.o(x$fpl$dflt)
    x$fpl$dleqf                              0x08002248   Section      120  dleqf.o(x$fpl$dleqf)
    x$fpl$dmul                               0x080022c0   Section      340  dmul.o(x$fpl$dmul)
    x$fpl$dnaninf                            0x08002414   Section      156  dnaninf.o(x$fpl$dnaninf)
    x$fpl$dretinf                            0x080024b0   Section       12  dretinf.o(x$fpl$dretinf)
    x$fpl$drleqf                             0x080024bc   Section      108  drleqf.o(x$fpl$drleqf)
    x$fpl$drsb                               0x08002528   Section       22  daddsub_clz.o(x$fpl$drsb)
    x$fpl$dsub                               0x08002540   Section      468  daddsub_clz.o(x$fpl$dsub)
    _dsub1                                   0x08002551   Thumb Code     0  daddsub_clz.o(x$fpl$dsub)
    x$fpl$f2d                                0x08002714   Section       86  f2d.o(x$fpl$f2d)
    x$fpl$fadd                               0x0800276c   Section      196  faddsub_clz.o(x$fpl$fadd)
    _fadd1                                   0x0800277b   Thumb Code     0  faddsub_clz.o(x$fpl$fadd)
    x$fpl$fcmpinf                            0x08002830   Section       24  fcmpi.o(x$fpl$fcmpinf)
    x$fpl$fdiv                               0x08002848   Section      388  fdiv.o(x$fpl$fdiv)
    _fdiv1                                   0x08002849   Thumb Code     0  fdiv.o(x$fpl$fdiv)
    x$fpl$ffix                               0x080029cc   Section       54  ffix.o(x$fpl$ffix)
    x$fpl$fflt                               0x08002a04   Section       48  fflt_clz.o(x$fpl$fflt)
    x$fpl$fleqf                              0x08002a34   Section      104  fleqf.o(x$fpl$fleqf)
    x$fpl$fmul                               0x08002a9c   Section      258  fmul.o(x$fpl$fmul)
    x$fpl$fnaninf                            0x08002b9e   Section      140  fnaninf.o(x$fpl$fnaninf)
    x$fpl$fretinf                            0x08002c2a   Section       10  fretinf.o(x$fpl$fretinf)
    x$fpl$frleqf                             0x08002c34   Section       98  frleqf.o(x$fpl$frleqf)
    x$fpl$frsb                               0x08002c96   Section       20  faddsub_clz.o(x$fpl$frsb)
    x$fpl$fsub                               0x08002cac   Section      234  faddsub_clz.o(x$fpl$fsub)
    _fsub1                                   0x08002cbb   Thumb Code     0  faddsub_clz.o(x$fpl$fsub)
    .constdata                               0x08002d96   Section     2072  oled.o(.constdata)
    x$fpl$usenofp                            0x08002d96   Section        0  usenofp.o(x$fpl$usenofp)
    .data                                    0x20000000   Section       20  system_stm32f10x.o(.data)
    .data                                    0x20000014   Section       20  stm32f10x_rcc.o(.data)
    APBAHBPrescTable                         0x20000014   Data          16  stm32f10x_rcc.o(.data)
    ADCPrescTable                            0x20000024   Data           4  stm32f10x_rcc.o(.data)
    .data                                    0x20000028   Section       88  main.o(.data)
    .data                                    0x20000080   Section        4  delay.o(.data)
    fac_us                                   0x20000080   Data           1  delay.o(.data)
    fac_ms                                   0x20000082   Data           2  delay.o(.data)
    .data                                    0x20000084   Section        4  ads1115.o(.data)
    .bss                                     0x20000088   Section       96  libspace.o(.bss)
    HEAP                                     0x200000e8   Section      512  startup_stm32f10x_hd.o(HEAP)
    Heap_Mem                                 0x200000e8   Data         512  startup_stm32f10x_hd.o(HEAP)
    STACK                                    0x200002e8   Section     1024  startup_stm32f10x_hd.o(STACK)
    Stack_Mem                                0x200002e8   Data        1024  startup_stm32f10x_hd.o(STACK)
    __initial_sp                             0x200006e8   Data           0  startup_stm32f10x_hd.o(STACK)

    Global Symbols

    Symbol Name                              Value     Ov Type        Size  Object(Section)

    BuildAttributes$$THM_ISAv4$P$D$K$B$S$PE$A:L22UL41UL21$X:L11$S22US41US21$IEEE1$IW$USESV6$~STKCKD$USESV7$~SHL$OSPACE$ROPI$EBA8$UX$STANDARDLIB$REQ8$PRES8$EABIv2 0x00000000   Number         0  anon$$obj.o ABSOLUTE
    __ARM_use_no_argv                        0x00000000   Number         0  main.o ABSOLUTE
    __ARM_exceptions_init                     - Undefined Weak Reference
    __alloca_initialize                       - Undefined Weak Reference
    __arm_fini_                               - Undefined Weak Reference
    __arm_preinit_                            - Undefined Weak Reference
    __cpp_initialize__aeabi_                  - Undefined Weak Reference
    __cxa_finalize                            - Undefined Weak Reference
    __rt_locale                               - Undefined Weak Reference
    __sigvec_lookup                           - Undefined Weak Reference
    _atexit_init                              - Undefined Weak Reference
    _call_atexit_fns                          - Undefined Weak Reference
    _clock_init                               - Undefined Weak Reference
    _fp_trap_init                             - Undefined Weak Reference
    _fp_trap_shutdown                         - Undefined Weak Reference
    _get_lc_collate                           - Undefined Weak Reference
    _get_lc_ctype                             - Undefined Weak Reference
    _get_lc_monetary                          - Undefined Weak Reference
    _get_lc_numeric                           - Undefined Weak Reference
    _get_lc_time                              - Undefined Weak Reference
    _getenv_init                              - Undefined Weak Reference
    _handle_redirection                       - Undefined Weak Reference
    _init_alloc                               - Undefined Weak Reference
    _init_user_alloc                          - Undefined Weak Reference
    _initio                                   - Undefined Weak Reference
    _rand_init                                - Undefined Weak Reference
    _signal_finish                            - Undefined Weak Reference
    _signal_init                              - Undefined Weak Reference
    _terminate_alloc                          - Undefined Weak Reference
    _terminate_user_alloc                     - Undefined Weak Reference
    _terminateio                              - Undefined Weak Reference
    __Vectors_Size                           0x00000130   Number         0  startup_stm32f10x_hd.o ABSOLUTE
    __Vectors                                0x08000000   Data           4  startup_stm32f10x_hd.o(RESET)
    __Vectors_End                            0x08000130   Data           0  startup_stm32f10x_hd.o(RESET)
    __main                                   0x08000131   Thumb Code     8  __main.o(!!!main)
    __scatterload                            0x08000139   Thumb Code     0  __scatter.o(!!!scatter)
    __scatterload_rt2                        0x08000139   Thumb Code    44  __scatter.o(!!!scatter)
    __scatterload_rt2_thumb_only             0x08000139   Thumb Code     0  __scatter.o(!!!scatter)
    __scatterload_null                       0x08000147   Thumb Code     0  __scatter.o(!!!scatter)
    __scatterload_copy                       0x0800016d   Thumb Code    26  __scatter_copy.o(!!handler_copy)
    __scatterload_zeroinit                   0x08000189   Thumb Code    28  __scatter_zi.o(!!handler_zi)
    __rt_lib_init                            0x080001a5   Thumb Code     0  libinit.o(.ARM.Collect$$libinit$$00000000)
    __rt_lib_init_alloca_1                   0x080001a7   Thumb Code     0  libinit2.o(.ARM.Collect$$libinit$$0000002E)
    __rt_lib_init_argv_1                     0x080001a7   Thumb Code     0  libinit2.o(.ARM.Collect$$libinit$$0000002C)
    __rt_lib_init_atexit_1                   0x080001a7   Thumb Code     0  libinit2.o(.ARM.Collect$$libinit$$0000001B)
    __rt_lib_init_clock_1                    0x080001a7   Thumb Code     0  libinit2.o(.ARM.Collect$$libinit$$00000021)
    __rt_lib_init_cpp_1                      0x080001a7   Thumb Code     0  libinit2.o(.ARM.Collect$$libinit$$00000032)
    __rt_lib_init_exceptions_1               0x080001a7   Thumb Code     0  libinit2.o(.ARM.Collect$$libinit$$00000030)
    __rt_lib_init_fp_1                       0x080001a7   Thumb Code     0  libinit2.o(.ARM.Collect$$libinit$$00000002)
    __rt_lib_init_fp_trap_1                  0x080001a7   Thumb Code     0  libinit2.o(.ARM.Collect$$libinit$$0000001F)
    __rt_lib_init_getenv_1                   0x080001a7   Thumb Code     0  libinit2.o(.ARM.Collect$$libinit$$00000023)
    __rt_lib_init_heap_1                     0x080001a7   Thumb Code     0  libinit2.o(.ARM.Collect$$libinit$$0000000A)
    __rt_lib_init_lc_collate_1               0x080001a7   Thumb Code     0  libinit2.o(.ARM.Collect$$libinit$$00000011)
    __rt_lib_init_lc_ctype_1                 0x080001a7   Thumb Code     0  libinit2.o(.ARM.Collect$$libinit$$00000013)
    __rt_lib_init_lc_monetary_1              0x080001a7   Thumb Code     0  libinit2.o(.ARM.Collect$$libinit$$00000015)
    __rt_lib_init_lc_numeric_1               0x080001a7   Thumb Code     0  libinit2.o(.ARM.Collect$$libinit$$00000017)
    __rt_lib_init_lc_time_1                  0x080001a7   Thumb Code     0  libinit2.o(.ARM.Collect$$libinit$$00000019)
    __rt_lib_init_preinit_1                  0x080001a7   Thumb Code     0  libinit2.o(.ARM.Collect$$libinit$$00000004)
    __rt_lib_init_rand_1                     0x080001a7   Thumb Code     0  libinit2.o(.ARM.Collect$$libinit$$0000000E)
    __rt_lib_init_return                     0x080001a7   Thumb Code     0  libinit2.o(.ARM.Collect$$libinit$$00000033)
    __rt_lib_init_signal_1                   0x080001a7   Thumb Code     0  libinit2.o(.ARM.Collect$$libinit$$0000001D)
    __rt_lib_init_stdio_1                    0x080001a7   Thumb Code     0  libinit2.o(.ARM.Collect$$libinit$$00000025)
    __rt_lib_init_user_alloc_1               0x080001a7   Thumb Code     0  libinit2.o(.ARM.Collect$$libinit$$0000000C)
    __rt_lib_shutdown                        0x080001a9   Thumb Code     0  libshutdown.o(.ARM.Collect$$libshutdown$$00000000)
    __rt_lib_shutdown_cpp_1                  0x080001ab   Thumb Code     0  libshutdown2.o(.ARM.Collect$$libshutdown$$00000004)
    __rt_lib_shutdown_fini_1                 0x080001ab   Thumb Code     0  libshutdown2.o(.ARM.Collect$$libshutdown$$00000002)
    __rt_lib_shutdown_fp_trap_1              0x080001ab   Thumb Code     0  libshutdown2.o(.ARM.Collect$$libshutdown$$00000009)
    __rt_lib_shutdown_heap_1                 0x080001ab   Thumb Code     0  libshutdown2.o(.ARM.Collect$$libshutdown$$00000011)
    __rt_lib_shutdown_return                 0x080001ab   Thumb Code     0  libshutdown2.o(.ARM.Collect$$libshutdown$$00000012)
    __rt_lib_shutdown_signal_1               0x080001ab   Thumb Code     0  libshutdown2.o(.ARM.Collect$$libshutdown$$0000000C)
    __rt_lib_shutdown_stdio_1                0x080001ab   Thumb Code     0  libshutdown2.o(.ARM.Collect$$libshutdown$$00000006)
    __rt_lib_shutdown_user_alloc_1           0x080001ab   Thumb Code     0  libshutdown2.o(.ARM.Collect$$libshutdown$$0000000E)
    __rt_entry                               0x080001ad   Thumb Code     0  __rtentry.o(.ARM.Collect$$rtentry$$00000000)
    __rt_entry_presh_1                       0x080001ad   Thumb Code     0  __rtentry2.o(.ARM.Collect$$rtentry$$00000002)
    __rt_entry_sh                            0x080001ad   Thumb Code     0  __rtentry4.o(.ARM.Collect$$rtentry$$00000004)
    __rt_entry_li                            0x080001b3   Thumb Code     0  __rtentry2.o(.ARM.Collect$$rtentry$$0000000A)
    __rt_entry_postsh_1                      0x080001b3   Thumb Code     0  __rtentry2.o(.ARM.Collect$$rtentry$$00000009)
    __rt_entry_main                          0x080001b7   Thumb Code     0  __rtentry2.o(.ARM.Collect$$rtentry$$0000000D)
    __rt_entry_postli_1                      0x080001b7   Thumb Code     0  __rtentry2.o(.ARM.Collect$$rtentry$$0000000C)
    __rt_exit                                0x080001bf   Thumb Code     0  rtexit.o(.ARM.Collect$$rtexit$$00000000)
    __rt_exit_ls                             0x080001c1   Thumb Code     0  rtexit2.o(.ARM.Collect$$rtexit$$00000003)
    __rt_exit_prels_1                        0x080001c1   Thumb Code     0  rtexit2.o(.ARM.Collect$$rtexit$$00000002)
    __rt_exit_exit                           0x080001c5   Thumb Code     0  rtexit2.o(.ARM.Collect$$rtexit$$00000004)
    Reset_Handler                            0x080001cd   Thumb Code     8  startup_stm32f10x_hd.o(.text)
    ADC1_2_IRQHandler                        0x080001e7   Thumb Code     0  startup_stm32f10x_hd.o(.text)
    ADC3_IRQHandler                          0x080001e7   Thumb Code     0  startup_stm32f10x_hd.o(.text)
    CAN1_RX1_IRQHandler                      0x080001e7   Thumb Code     0  startup_stm32f10x_hd.o(.text)
    CAN1_SCE_IRQHandler                      0x080001e7   Thumb Code     0  startup_stm32f10x_hd.o(.text)
    DMA1_Channel1_IRQHandler                 0x080001e7   Thumb Code     0  startup_stm32f10x_hd.o(.text)
    DMA1_Channel2_IRQHandler                 0x080001e7   Thumb Code     0  startup_stm32f10x_hd.o(.text)
    DMA1_Channel3_IRQHandler                 0x080001e7   Thumb Code     0  startup_stm32f10x_hd.o(.text)
    DMA1_Channel4_IRQHandler                 0x080001e7   Thumb Code     0  startup_stm32f10x_hd.o(.text)
    DMA1_Channel5_IRQHandler                 0x080001e7   Thumb Code     0  startup_stm32f10x_hd.o(.text)
    DMA1_Channel6_IRQHandler                 0x080001e7   Thumb Code     0  startup_stm32f10x_hd.o(.text)
    DMA1_Channel7_IRQHandler                 0x080001e7   Thumb Code     0  startup_stm32f10x_hd.o(.text)
    DMA2_Channel1_IRQHandler                 0x080001e7   Thumb Code     0  startup_stm32f10x_hd.o(.text)
    DMA2_Channel2_IRQHandler                 0x080001e7   Thumb Code     0  startup_stm32f10x_hd.o(.text)
    DMA2_Channel3_IRQHandler                 0x080001e7   Thumb Code     0  startup_stm32f10x_hd.o(.text)
    DMA2_Channel4_5_IRQHandler               0x080001e7   Thumb Code     0  startup_stm32f10x_hd.o(.text)
    EXTI0_IRQHandler                         0x080001e7   Thumb Code     0  startup_stm32f10x_hd.o(.text)
    EXTI15_10_IRQHandler                     0x080001e7   Thumb Code     0  startup_stm32f10x_hd.o(.text)
    EXTI1_IRQHandler                         0x080001e7   Thumb Code     0  startup_stm32f10x_hd.o(.text)
    EXTI2_IRQHandler                         0x080001e7   Thumb Code     0  startup_stm32f10x_hd.o(.text)
    EXTI3_IRQHandler                         0x080001e7   Thumb Code     0  startup_stm32f10x_hd.o(.text)
    EXTI4_IRQHandler                         0x080001e7   Thumb Code     0  startup_stm32f10x_hd.o(.text)
    EXTI9_5_IRQHandler                       0x080001e7   Thumb Code     0  startup_stm32f10x_hd.o(.text)
    FLASH_IRQHandler                         0x080001e7   Thumb Code     0  startup_stm32f10x_hd.o(.text)
    FSMC_IRQHandler                          0x080001e7   Thumb Code     0  startup_stm32f10x_hd.o(.text)
    I2C1_ER_IRQHandler                       0x080001e7   Thumb Code     0  startup_stm32f10x_hd.o(.text)
    I2C1_EV_IRQHandler                       0x080001e7   Thumb Code     0  startup_stm32f10x_hd.o(.text)
    I2C2_ER_IRQHandler                       0x080001e7   Thumb Code     0  startup_stm32f10x_hd.o(.text)
    I2C2_EV_IRQHandler                       0x080001e7   Thumb Code     0  startup_stm32f10x_hd.o(.text)
    PVD_IRQHandler                           0x080001e7   Thumb Code     0  startup_stm32f10x_hd.o(.text)
    RCC_IRQHandler                           0x080001e7   Thumb Code     0  startup_stm32f10x_hd.o(.text)
    RTCAlarm_IRQHandler                      0x080001e7   Thumb Code     0  startup_stm32f10x_hd.o(.text)
    RTC_IRQHandler                           0x080001e7   Thumb Code     0  startup_stm32f10x_hd.o(.text)
    SDIO_IRQHandler                          0x080001e7   Thumb Code     0  startup_stm32f10x_hd.o(.text)
    SPI1_IRQHandler                          0x080001e7   Thumb Code     0  startup_stm32f10x_hd.o(.text)
    SPI2_IRQHandler                          0x080001e7   Thumb Code     0  startup_stm32f10x_hd.o(.text)
    SPI3_IRQHandler                          0x080001e7   Thumb Code     0  startup_stm32f10x_hd.o(.text)
    TAMPER_IRQHandler                        0x080001e7   Thumb Code     0  startup_stm32f10x_hd.o(.text)
    TIM1_BRK_IRQHandler                      0x080001e7   Thumb Code     0  startup_stm32f10x_hd.o(.text)
    TIM1_CC_IRQHandler                       0x080001e7   Thumb Code     0  startup_stm32f10x_hd.o(.text)
    TIM1_TRG_COM_IRQHandler                  0x080001e7   Thumb Code     0  startup_stm32f10x_hd.o(.text)
    TIM1_UP_IRQHandler                       0x080001e7   Thumb Code     0  startup_stm32f10x_hd.o(.text)
    TIM2_IRQHandler                          0x080001e7   Thumb Code     0  startup_stm32f10x_hd.o(.text)
    TIM3_IRQHandler                          0x080001e7   Thumb Code     0  startup_stm32f10x_hd.o(.text)
    TIM4_IRQHandler                          0x080001e7   Thumb Code     0  startup_stm32f10x_hd.o(.text)
    TIM5_IRQHandler                          0x080001e7   Thumb Code     0  startup_stm32f10x_hd.o(.text)
    TIM6_IRQHandler                          0x080001e7   Thumb Code     0  startup_stm32f10x_hd.o(.text)
    TIM7_IRQHandler                          0x080001e7   Thumb Code     0  startup_stm32f10x_hd.o(.text)
    TIM8_BRK_IRQHandler                      0x080001e7   Thumb Code     0  startup_stm32f10x_hd.o(.text)
    TIM8_CC_IRQHandler                       0x080001e7   Thumb Code     0  startup_stm32f10x_hd.o(.text)
    TIM8_TRG_COM_IRQHandler                  0x080001e7   Thumb Code     0  startup_stm32f10x_hd.o(.text)
    TIM8_UP_IRQHandler                       0x080001e7   Thumb Code     0  startup_stm32f10x_hd.o(.text)
    UART4_IRQHandler                         0x080001e7   Thumb Code     0  startup_stm32f10x_hd.o(.text)
    UART5_IRQHandler                         0x080001e7   Thumb Code     0  startup_stm32f10x_hd.o(.text)
    USART1_IRQHandler                        0x080001e7   Thumb Code     0  startup_stm32f10x_hd.o(.text)
    USART2_IRQHandler                        0x080001e7   Thumb Code     0  startup_stm32f10x_hd.o(.text)
    USART3_IRQHandler                        0x080001e7   Thumb Code     0  startup_stm32f10x_hd.o(.text)
    USBWakeUp_IRQHandler                     0x080001e7   Thumb Code     0  startup_stm32f10x_hd.o(.text)
    USB_HP_CAN1_TX_IRQHandler                0x080001e7   Thumb Code     0  startup_stm32f10x_hd.o(.text)
    USB_LP_CAN1_RX0_IRQHandler               0x080001e7   Thumb Code     0  startup_stm32f10x_hd.o(.text)
    WWDG_IRQHandler                          0x080001e7   Thumb Code     0  startup_stm32f10x_hd.o(.text)
    __user_initial_stackheap                 0x080001e9   Thumb Code     0  startup_stm32f10x_hd.o(.text)
    __use_two_region_memory                  0x0800020d   Thumb Code     2  heapauxi.o(.text)
    __rt_heap_escrow$2region                 0x0800020f   Thumb Code     2  heapauxi.o(.text)
    __rt_heap_expand$2region                 0x08000211   Thumb Code     2  heapauxi.o(.text)
    __user_setup_stackheap                   0x08000213   Thumb Code    74  sys_stackheap_outer.o(.text)
    exit                                     0x0800025d   Thumb Code    18  exit.o(.text)
    __user_libspace                          0x08000271   Thumb Code     8  libspace.o(.text)
    __user_perproc_libspace                  0x08000271   Thumb Code     0  libspace.o(.text)
    __user_perthread_libspace                0x08000271   Thumb Code     0  libspace.o(.text)
    _sys_exit                                0x08000279   Thumb Code     8  sys_exit.o(.text)
    __I$use$semihosting                      0x08000285   Thumb Code     0  use_no_semi.o(.text)
    __use_no_semihosting_swi                 0x08000285   Thumb Code     2  use_no_semi.o(.text)
    __semihosting_library_function           0x08000287   Thumb Code     0  indicate_semi.o(.text)
    AD5293_CS_HIGH                           0x08000289   Thumb Code    12  ad5293.o(i.AD5293_CS_HIGH)
    AD5293_CS_LOW                            0x08000299   Thumb Code    12  ad5293.o(i.AD5293_CS_LOW)
    AD5293_Init                              0x080002a9   Thumb Code    86  ad5293.o(i.AD5293_Init)
    AD5293_Unlock                            0x08000305   Thumb Code    24  ad5293.o(i.AD5293_Unlock)
    AD5293_Write                             0x0800031d   Thumb Code    36  ad5293.o(i.AD5293_Write)
    ADS1115_IIC_Ack                          0x08000341   Thumb Code    56  ads1115_iic.o(i.ADS1115_IIC_Ack)
    ADS1115_IIC_Delay                        0x08000385   Thumb Code    10  ads1115_iic.o(i.ADS1115_IIC_Delay)
    ADS1115_IIC_Init                         0x08000391   Thumb Code    38  ads1115_iic.o(i.ADS1115_IIC_Init)
    ADS1115_IIC_NAck                         0x080003bd   Thumb Code    56  ads1115_iic.o(i.ADS1115_IIC_NAck)
    ADS1115_IIC_Start                        0x08000401   Thumb Code    64  ads1115_iic.o(i.ADS1115_IIC_Start)
    ADS1115_IIC_Stop                         0x0800044d   Thumb Code    54  ads1115_iic.o(i.ADS1115_IIC_Stop)
    ADS1115_IIC_Wait_Ack                     0x08000491   Thumb Code    84  ads1115_iic.o(i.ADS1115_IIC_Wait_Ack)
    ADS1115_IIC_read_byte                    0x080004f1   Thumb Code   130  ads1115_iic.o(i.ADS1115_IIC_read_byte)
    ADS1115_IIC_write_byte                   0x08000581   Thumb Code   104  ads1115_iic.o(i.ADS1115_IIC_write_byte)
    ADS1115_ReadAdsReg                       0x080005f5   Thumb Code    38  ads1115_iic.o(i.ADS1115_ReadAdsReg)
    ADS1115_ReadVoltage                      0x0800061d   Thumb Code   146  ads1115.o(i.ADS1115_ReadVoltage)
    ADS1115_SetCompLat                       0x080006b5   Thumb Code    34  ads1115.o(i.ADS1115_SetCompLat)
    ADS1115_SetCompMode                      0x080006d7   Thumb Code    34  ads1115.o(i.ADS1115_SetCompMode)
    ADS1115_SetCompQue                       0x080006f9   Thumb Code    32  ads1115.o(i.ADS1115_SetCompQue)
    ADS1115_SetGain                          0x08000719   Thumb Code   122  ads1115.o(i.ADS1115_SetGain)
    ADS1115_SetMux                           0x08000799   Thumb Code    36  ads1115.o(i.ADS1115_SetMux)
    ADS1115_WriteAdsReg                      0x080007bd   Thumb Code    38  ads1115_iic.o(i.ADS1115_WriteAdsReg)
    BusFault_Handler                         0x080007e3   Thumb Code     4  stm32f10x_it.o(i.BusFault_Handler)
    DADS1115_SetCompPol                      0x080007e7   Thumb Code    34  ads1115.o(i.DADS1115_SetCompPol)
    DebugMon_Handler                         0x08000809   Thumb Code     2  stm32f10x_it.o(i.DebugMon_Handler)
    DelayInit                                0x0800080d   Thumb Code    50  delay.o(i.DelayInit)
    DelayMs                                  0x08000851   Thumb Code    72  delay.o(i.DelayMs)
    DelayUs                                  0x0800089d   Thumb Code    72  delay.o(i.DelayUs)
    Dis_Dat                                  0x080008e9   Thumb Code   324  main.o(i.Dis_Dat)
    GPIO_Init                                0x08000a69   Thumb Code   278  stm32f10x_gpio.o(i.GPIO_Init)
    GPIO_OLED_Init                           0x08000b81   Thumb Code    58  oled.o(i.GPIO_OLED_Init)
    GPIO_PinRemapConfig                      0x08000bc5   Thumb Code   138  stm32f10x_gpio.o(i.GPIO_PinRemapConfig)
    GPIO_ReadInputDataBit                    0x08000c55   Thumb Code    18  stm32f10x_gpio.o(i.GPIO_ReadInputDataBit)
    GPIO_ResetBits                           0x08000c67   Thumb Code     4  stm32f10x_gpio.o(i.GPIO_ResetBits)
    GPIO_SetBits                             0x08000c6b   Thumb Code     4  stm32f10x_gpio.o(i.GPIO_SetBits)
    HardFault_Handler                        0x08000c6f   Thumb Code     4  stm32f10x_it.o(i.HardFault_Handler)
    IIC_ReadData                             0x08000c73   Thumb Code   106  ads1115_iic.o(i.IIC_ReadData)
    IIC_WriteBuf                             0x08000cdd   Thumb Code    72  ads1115_iic.o(i.IIC_WriteBuf)
    Key_GetNum                               0x08000d25   Thumb Code    84  key.o(i.Key_GetNum)
    Key_Init                                 0x08000d7d   Thumb Code    38  key.o(i.Key_Init)
    MemManage_Handler                        0x08000da9   Thumb Code     4  stm32f10x_it.o(i.MemManage_Handler)
    NMI_Handler                              0x08000dad   Thumb Code     2  stm32f10x_it.o(i.NMI_Handler)
    NVIC_Init                                0x08000dd5   Thumb Code   100  misc.o(i.NVIC_Init)
    NVIC_PriorityGroupConfig                 0x08000e45   Thumb Code    10  misc.o(i.NVIC_PriorityGroupConfig)
    OLED_Clear                               0x08000e59   Thumb Code    62  oled.o(i.OLED_Clear)
    OLED_Float                               0x08000e99   Thumb Code   442  oled.o(i.OLED_Float)
    OLED_IIC_Start                           0x08001059   Thumb Code    44  oled.o(i.OLED_IIC_Start)
    OLED_IIC_Stop                            0x08001089   Thumb Code    34  oled.o(i.OLED_IIC_Stop)
    OLED_IIC_Wait_Ack                        0x080010b1   Thumb Code    24  oled.o(i.OLED_IIC_Wait_Ack)
    OLED_Init                                0x080010cd   Thumb Code   232  oled.o(i.OLED_Init)
    OLED_Set_Pos                             0x080011b5   Thumb Code    40  oled.o(i.OLED_Set_Pos)
    OLED_ShowChar                            0x080011dd   Thumb Code   154  oled.o(i.OLED_ShowChar)
    OLED_ShowString                          0x08001281   Thumb Code    54  oled.o(i.OLED_ShowString)
    OLED_WR_Byte                             0x080012b7   Thumb Code    24  oled.o(i.OLED_WR_Byte)
    OLED_Write_IIC_Byte                      0x080012d1   Thumb Code    88  oled.o(i.OLED_Write_IIC_Byte)
    OLED_Write_IIC_Command                   0x0800132d   Thumb Code    44  oled.o(i.OLED_Write_IIC_Command)
    OLED_Write_IIC_Data                      0x08001359   Thumb Code    44  oled.o(i.OLED_Write_IIC_Data)
    OLED_printf                              0x08001385   Thumb Code   130  main.o(i.OLED_printf)
    PendSV_Handler                           0x08001407   Thumb Code     2  stm32f10x_it.o(i.PendSV_Handler)
    RCC_APB2PeriphClockCmd                   0x08001409   Thumb Code    26  stm32f10x_rcc.o(i.RCC_APB2PeriphClockCmd)
    RCC_GetClocksFreq                        0x08001429   Thumb Code   192  stm32f10x_rcc.o(i.RCC_GetClocksFreq)
    SPI1_Init                                0x080014fd   Thumb Code   134  myspi.o(i.SPI1_Init)
    SPI1_ReadWriteByte                       0x0800158d   Thumb Code    78  myspi.o(i.SPI1_ReadWriteByte)
    SPI1_SetSpeed                            0x080015e1   Thumb Code    36  myspi.o(i.SPI1_SetSpeed)
    SPI_Cmd                                  0x08001609   Thumb Code    24  stm32f10x_spi.o(i.SPI_Cmd)
    SPI_I2S_GetFlagStatus                    0x08001621   Thumb Code    18  stm32f10x_spi.o(i.SPI_I2S_GetFlagStatus)
    SPI_I2S_ReceiveData                      0x08001633   Thumb Code     6  stm32f10x_spi.o(i.SPI_I2S_ReceiveData)
    SPI_I2S_SendData                         0x08001639   Thumb Code     4  stm32f10x_spi.o(i.SPI_I2S_SendData)
    SPI_Init                                 0x0800163d   Thumb Code    60  stm32f10x_spi.o(i.SPI_Init)
    SVC_Handler                              0x08001679   Thumb Code     2  stm32f10x_it.o(i.SVC_Handler)
    SysTick_CLKSourceConfig                  0x08001765   Thumb Code    40  misc.o(i.SysTick_CLKSourceConfig)
    SysTick_Handler                          0x0800178d   Thumb Code     2  stm32f10x_it.o(i.SysTick_Handler)
    SystemInit                               0x08001791   Thumb Code    78  system_stm32f10x.o(i.SystemInit)
    USART_Cmd                                0x080017f1   Thumb Code    24  stm32f10x_usart.o(i.USART_Cmd)
    USART_Config                             0x08001809   Thumb Code   136  bsp_usart.o(i.USART_Config)
    USART_GetFlagStatus                      0x08001899   Thumb Code    26  stm32f10x_usart.o(i.USART_GetFlagStatus)
    USART_ITConfig                           0x080018b3   Thumb Code    74  stm32f10x_usart.o(i.USART_ITConfig)
    USART_Init                               0x080018fd   Thumb Code   210  stm32f10x_usart.o(i.USART_Init)
    USART_SendData                           0x080019d5   Thumb Code     8  stm32f10x_usart.o(i.USART_SendData)
    UsageFault_Handler                       0x080019dd   Thumb Code     4  stm32f10x_it.o(i.UsageFault_Handler)
    Usart_SendByte                           0x080019e1   Thumb Code    30  bsp_usart.o(i.Usart_SendByte)
    Usart_SendString                         0x080019ff   Thumb Code    42  bsp_usart.o(i.Usart_SendString)
    gear_position                            0x08001a29   Thumb Code    76  main.o(i.gear_position)
    just_vol                                 0x08001a75   Thumb Code   144  main.o(i.just_vol)
    main                                     0x08001b09   Thumb Code   424  main.o(i.main)
    __aeabi_d2f                              0x08001ce5   Thumb Code     0  d2f.o(x$fpl$d2f)
    _d2f                                     0x08001ce5   Thumb Code    98  d2f.o(x$fpl$d2f)
    __aeabi_dadd                             0x08001d49   Thumb Code     0  daddsub_clz.o(x$fpl$dadd)
    _dadd                                    0x08001d49   Thumb Code   332  daddsub_clz.o(x$fpl$dadd)
    __fpl_dcmp_Inf                           0x08001e99   Thumb Code    24  dcmpi.o(x$fpl$dcmpinf)
    __aeabi_ddiv                             0x08001eb1   Thumb Code     0  ddiv.o(x$fpl$ddiv)
    _ddiv                                    0x08001eb1   Thumb Code   552  ddiv.o(x$fpl$ddiv)
    __aeabi_d2iz                             0x08002161   Thumb Code     0  dfix.o(x$fpl$dfix)
    _dfix                                    0x08002161   Thumb Code    94  dfix.o(x$fpl$dfix)
    __aeabi_d2uiz                            0x080021c1   Thumb Code     0  dfixu.o(x$fpl$dfixu)
    _dfixu                                   0x080021c1   Thumb Code    90  dfixu.o(x$fpl$dfixu)
    __aeabi_i2d                              0x0800221b   Thumb Code     0  dflt_clz.o(x$fpl$dflt)
    _dflt                                    0x0800221b   Thumb Code    46  dflt_clz.o(x$fpl$dflt)
    __aeabi_cdcmple                          0x08002249   Thumb Code     0  dleqf.o(x$fpl$dleqf)
    _dcmple                                  0x08002249   Thumb Code   120  dleqf.o(x$fpl$dleqf)
    __fpl_dcmple_InfNaN                      0x080022ab   Thumb Code     0  dleqf.o(x$fpl$dleqf)
    __aeabi_dmul                             0x080022c1   Thumb Code     0  dmul.o(x$fpl$dmul)
    _dmul                                    0x080022c1   Thumb Code   332  dmul.o(x$fpl$dmul)
    __fpl_dnaninf                            0x08002415   Thumb Code   156  dnaninf.o(x$fpl$dnaninf)
    __fpl_dretinf                            0x080024b1   Thumb Code    12  dretinf.o(x$fpl$dretinf)
    __aeabi_cdrcmple                         0x080024bd   Thumb Code     0  drleqf.o(x$fpl$drleqf)
    _drcmple                                 0x080024bd   Thumb Code   108  drleqf.o(x$fpl$drleqf)
    __aeabi_drsub                            0x08002529   Thumb Code     0  daddsub_clz.o(x$fpl$drsb)
    _drsb                                    0x08002529   Thumb Code    22  daddsub_clz.o(x$fpl$drsb)
    __aeabi_dsub                             0x08002541   Thumb Code     0  daddsub_clz.o(x$fpl$dsub)
    _dsub                                    0x08002541   Thumb Code   464  daddsub_clz.o(x$fpl$dsub)
    __aeabi_f2d                              0x08002715   Thumb Code     0  f2d.o(x$fpl$f2d)
    _f2d                                     0x08002715   Thumb Code    86  f2d.o(x$fpl$f2d)
    __aeabi_fadd                             0x0800276d   Thumb Code     0  faddsub_clz.o(x$fpl$fadd)
    _fadd                                    0x0800276d   Thumb Code   196  faddsub_clz.o(x$fpl$fadd)
    __fpl_fcmp_Inf                           0x08002831   Thumb Code    24  fcmpi.o(x$fpl$fcmpinf)
    __aeabi_fdiv                             0x08002849   Thumb Code     0  fdiv.o(x$fpl$fdiv)
    _fdiv                                    0x08002849   Thumb Code   384  fdiv.o(x$fpl$fdiv)
    __aeabi_f2iz                             0x080029cd   Thumb Code     0  ffix.o(x$fpl$ffix)
    _ffix                                    0x080029cd   Thumb Code    54  ffix.o(x$fpl$ffix)
    __aeabi_i2f                              0x08002a05   Thumb Code     0  fflt_clz.o(x$fpl$fflt)
    _fflt                                    0x08002a05   Thumb Code    48  fflt_clz.o(x$fpl$fflt)
    __aeabi_cfcmple                          0x08002a35   Thumb Code     0  fleqf.o(x$fpl$fleqf)
    _fcmple                                  0x08002a35   Thumb Code   104  fleqf.o(x$fpl$fleqf)
    __fpl_fcmple_InfNaN                      0x08002a87   Thumb Code     0  fleqf.o(x$fpl$fleqf)
    __aeabi_fmul                             0x08002a9d   Thumb Code     0  fmul.o(x$fpl$fmul)
    _fmul                                    0x08002a9d   Thumb Code   258  fmul.o(x$fpl$fmul)
    __fpl_fnaninf                            0x08002b9f   Thumb Code   140  fnaninf.o(x$fpl$fnaninf)
    __fpl_fretinf                            0x08002c2b   Thumb Code    10  fretinf.o(x$fpl$fretinf)
    __aeabi_cfrcmple                         0x08002c35   Thumb Code     0  frleqf.o(x$fpl$frleqf)
    _frcmple                                 0x08002c35   Thumb Code    98  frleqf.o(x$fpl$frleqf)
    __aeabi_frsub                            0x08002c97   Thumb Code     0  faddsub_clz.o(x$fpl$frsb)
    _frsb                                    0x08002c97   Thumb Code    20  faddsub_clz.o(x$fpl$frsb)
    __aeabi_fsub                             0x08002cad   Thumb Code     0  faddsub_clz.o(x$fpl$fsub)
    _fsub                                    0x08002cad   Thumb Code   234  faddsub_clz.o(x$fpl$fsub)
    F6x8                                     0x08002d96   Data         552  oled.o(.constdata)
    __I$use$fp                               0x08002d96   Number         0  usenofp.o(x$fpl$usenofp)
    F8X16                                    0x08002fbe   Data        1520  oled.o(.constdata)
    Region$$Table$$Base                      0x080035b0   Number         0  anon$$obj.o(Region$$Table)
    Region$$Table$$Limit                     0x080035d0   Number         0  anon$$obj.o(Region$$Table)
    SystemCoreClock                          0x20000000   Data           4  system_stm32f10x.o(.data)
    AHBPrescTable                            0x20000004   Data          16  system_stm32f10x.o(.data)
    ADS1115_ADC0                             0x20000028   Data           2  main.o(.data)
    ADS1115_ADC1                             0x2000002a   Data           2  main.o(.data)
    ADS1115_ADC2                             0x2000002c   Data           2  main.o(.data)
    ADS1115_ADC3                             0x2000002e   Data           2  main.o(.data)
    ADC0_Buf                                 0x20000030   Data          14  main.o(.data)
    ADC1_Buf                                 0x2000003e   Data          14  main.o(.data)
    ADC2_Buf                                 0x2000004c   Data          14  main.o(.data)
    ADC3_Buf                                 0x2000005a   Data          14  main.o(.data)
    i                                        0x20000068   Data           4  main.o(.data)
    flag                                     0x2000006c   Data           4  main.o(.data)
    gear                                     0x20000070   Data           4  main.o(.data)
    ad_flag                                  0x20000074   Data           4  main.o(.data)
    ADS1115_ADC01                            0x20000078   Data           4  main.o(.data)
    ADS1115_ADC11                            0x2000007c   Data           4  main.o(.data)
    coefficient                              0x20000084   Data           4  ads1115.o(.data)
    __libspace_start                         0x20000088   Data          96  libspace.o(.bss)
    __temporary_stack_top$libspace           0x200000e8   Data           0  libspace.o(.bss)



==============================================================================

Memory Map of the image

  Image Entry point : 0x08000131

  Load Region LR_IROM1 (Base: 0x08000000, Size: 0x00003658, Max: 0x00080000, ABSOLUTE)

    Execution Region ER_IROM1 (Base: 0x08000000, Size: 0x000035d0, Max: 0x00080000, ABSOLUTE)

    Base Addr    Size         Type   Attr      Idx    E Section Name        Object

    0x08000000   0x00000130   Data   RO          132    RESET               startup_stm32f10x_hd.o
    0x08000130   0x00000008   Code   RO         3958  * !!!main             c_w.l(__main.o)
    0x08000138   0x00000034   Code   RO         4190    !!!scatter          c_w.l(__scatter.o)
    0x0800016c   0x0000001a   Code   RO         4192    !!handler_copy      c_w.l(__scatter_copy.o)
    0x08000186   0x00000002   PAD
    0x08000188   0x0000001c   Code   RO         4194    !!handler_zi        c_w.l(__scatter_zi.o)
    0x080001a4   0x00000002   Code   RO         4058    .ARM.Collect$$libinit$$00000000  c_w.l(libinit.o)
    0x080001a6   0x00000000   Code   RO         4065    .ARM.Collect$$libinit$$00000002  c_w.l(libinit2.o)
    0x080001a6   0x00000000   Code   RO         4067    .ARM.Collect$$libinit$$00000004  c_w.l(libinit2.o)
    0x080001a6   0x00000000   Code   RO         4070    .ARM.Collect$$libinit$$0000000A  c_w.l(libinit2.o)
    0x080001a6   0x00000000   Code   RO         4072    .ARM.Collect$$libinit$$0000000C  c_w.l(libinit2.o)
    0x080001a6   0x00000000   Code   RO         4074    .ARM.Collect$$libinit$$0000000E  c_w.l(libinit2.o)
    0x080001a6   0x00000000   Code   RO         4077    .ARM.Collect$$libinit$$00000011  c_w.l(libinit2.o)
    0x080001a6   0x00000000   Code   RO         4079    .ARM.Collect$$libinit$$00000013  c_w.l(libinit2.o)
    0x080001a6   0x00000000   Code   RO         4081    .ARM.Collect$$libinit$$00000015  c_w.l(libinit2.o)
    0x080001a6   0x00000000   Code   RO         4083    .ARM.Collect$$libinit$$00000017  c_w.l(libinit2.o)
    0x080001a6   0x00000000   Code   RO         4085    .ARM.Collect$$libinit$$00000019  c_w.l(libinit2.o)
    0x080001a6   0x00000000   Code   RO         4087    .ARM.Collect$$libinit$$0000001B  c_w.l(libinit2.o)
    0x080001a6   0x00000000   Code   RO         4089    .ARM.Collect$$libinit$$0000001D  c_w.l(libinit2.o)
    0x080001a6   0x00000000   Code   RO         4091    .ARM.Collect$$libinit$$0000001F  c_w.l(libinit2.o)
    0x080001a6   0x00000000   Code   RO         4093    .ARM.Collect$$libinit$$00000021  c_w.l(libinit2.o)
    0x080001a6   0x00000000   Code   RO         4095    .ARM.Collect$$libinit$$00000023  c_w.l(libinit2.o)
    0x080001a6   0x00000000   Code   RO         4097    .ARM.Collect$$libinit$$00000025  c_w.l(libinit2.o)
    0x080001a6   0x00000000   Code   RO         4101    .ARM.Collect$$libinit$$0000002C  c_w.l(libinit2.o)
    0x080001a6   0x00000000   Code   RO         4103    .ARM.Collect$$libinit$$0000002E  c_w.l(libinit2.o)
    0x080001a6   0x00000000   Code   RO         4105    .ARM.Collect$$libinit$$00000030  c_w.l(libinit2.o)
    0x080001a6   0x00000000   Code   RO         4107    .ARM.Collect$$libinit$$00000032  c_w.l(libinit2.o)
    0x080001a6   0x00000002   Code   RO         4108    .ARM.Collect$$libinit$$00000033  c_w.l(libinit2.o)
    0x080001a8   0x00000002   Code   RO         4128    .ARM.Collect$$libshutdown$$00000000  c_w.l(libshutdown.o)
    0x080001aa   0x00000000   Code   RO         4141    .ARM.Collect$$libshutdown$$00000002  c_w.l(libshutdown2.o)
    0x080001aa   0x00000000   Code   RO         4143    .ARM.Collect$$libshutdown$$00000004  c_w.l(libshutdown2.o)
    0x080001aa   0x00000000   Code   RO         4145    .ARM.Collect$$libshutdown$$00000006  c_w.l(libshutdown2.o)
    0x080001aa   0x00000000   Code   RO         4148    .ARM.Collect$$libshutdown$$00000009  c_w.l(libshutdown2.o)
    0x080001aa   0x00000000   Code   RO         4151    .ARM.Collect$$libshutdown$$0000000C  c_w.l(libshutdown2.o)
    0x080001aa   0x00000000   Code   RO         4153    .ARM.Collect$$libshutdown$$0000000E  c_w.l(libshutdown2.o)
    0x080001aa   0x00000000   Code   RO         4156    .ARM.Collect$$libshutdown$$00000011  c_w.l(libshutdown2.o)
    0x080001aa   0x00000002   Code   RO         4157    .ARM.Collect$$libshutdown$$00000012  c_w.l(libshutdown2.o)
    0x080001ac   0x00000000   Code   RO         4020    .ARM.Collect$$rtentry$$00000000  c_w.l(__rtentry.o)
    0x080001ac   0x00000000   Code   RO         4035    .ARM.Collect$$rtentry$$00000002  c_w.l(__rtentry2.o)
    0x080001ac   0x00000006   Code   RO         4047    .ARM.Collect$$rtentry$$00000004  c_w.l(__rtentry4.o)
    0x080001b2   0x00000000   Code   RO         4037    .ARM.Collect$$rtentry$$00000009  c_w.l(__rtentry2.o)
    0x080001b2   0x00000004   Code   RO         4038    .ARM.Collect$$rtentry$$0000000A  c_w.l(__rtentry2.o)
    0x080001b6   0x00000000   Code   RO         4040    .ARM.Collect$$rtentry$$0000000C  c_w.l(__rtentry2.o)
    0x080001b6   0x00000008   Code   RO         4041    .ARM.Collect$$rtentry$$0000000D  c_w.l(__rtentry2.o)
    0x080001be   0x00000002   Code   RO         4062    .ARM.Collect$$rtexit$$00000000  c_w.l(rtexit.o)
    0x080001c0   0x00000000   Code   RO         4110    .ARM.Collect$$rtexit$$00000002  c_w.l(rtexit2.o)
    0x080001c0   0x00000004   Code   RO         4111    .ARM.Collect$$rtexit$$00000003  c_w.l(rtexit2.o)
    0x080001c4   0x00000006   Code   RO         4112    .ARM.Collect$$rtexit$$00000004  c_w.l(rtexit2.o)
    0x080001ca   0x00000002   PAD
    0x080001cc   0x00000040   Code   RO          133    .text               startup_stm32f10x_hd.o
    0x0800020c   0x00000006   Code   RO         3956    .text               c_w.l(heapauxi.o)
    0x08000212   0x0000004a   Code   RO         4049    .text               c_w.l(sys_stackheap_outer.o)
    0x0800025c   0x00000012   Code   RO         4051    .text               c_w.l(exit.o)
    0x0800026e   0x00000002   PAD
    0x08000270   0x00000008   Code   RO         4059    .text               c_w.l(libspace.o)
    0x08000278   0x0000000c   Code   RO         4120    .text               c_w.l(sys_exit.o)
    0x08000284   0x00000002   Code   RO         4131    .text               c_w.l(use_no_semi.o)
    0x08000286   0x00000000   Code   RO         4133    .text               c_w.l(indicate_semi.o)
    0x08000286   0x00000002   PAD
    0x08000288   0x00000010   Code   RO         3723    i.AD5293_CS_HIGH    ad5293.o
    0x08000298   0x00000010   Code   RO         3724    i.AD5293_CS_LOW     ad5293.o
    0x080002a8   0x0000005c   Code   RO         3725    i.AD5293_Init       ad5293.o
    0x08000304   0x00000018   Code   RO         3726    i.AD5293_Unlock     ad5293.o
    0x0800031c   0x00000024   Code   RO         3727    i.AD5293_Write      ad5293.o
    0x08000340   0x00000044   Code   RO         3837    i.ADS1115_IIC_Ack   ads1115_iic.o
    0x08000384   0x0000000a   Code   RO         3838    i.ADS1115_IIC_Delay  ads1115_iic.o
    0x0800038e   0x00000002   PAD
    0x08000390   0x0000002c   Code   RO         3839    i.ADS1115_IIC_Init  ads1115_iic.o
    0x080003bc   0x00000044   Code   RO         3840    i.ADS1115_IIC_NAck  ads1115_iic.o
    0x08000400   0x0000004c   Code   RO         3841    i.ADS1115_IIC_Start  ads1115_iic.o
    0x0800044c   0x00000044   Code   RO         3842    i.ADS1115_IIC_Stop  ads1115_iic.o
    0x08000490   0x00000060   Code   RO         3843    i.ADS1115_IIC_Wait_Ack  ads1115_iic.o
    0x080004f0   0x00000090   Code   RO         3844    i.ADS1115_IIC_read_byte  ads1115_iic.o
    0x08000580   0x00000074   Code   RO         3845    i.ADS1115_IIC_write_byte  ads1115_iic.o
    0x080005f4   0x00000026   Code   RO         3846    i.ADS1115_ReadAdsReg  ads1115_iic.o
    0x0800061a   0x00000002   PAD
    0x0800061c   0x00000098   Code   RO         3762    i.ADS1115_ReadVoltage  ads1115.o
    0x080006b4   0x00000022   Code   RO         3763    i.ADS1115_SetCompLat  ads1115.o
    0x080006d6   0x00000022   Code   RO         3764    i.ADS1115_SetCompMode  ads1115.o
    0x080006f8   0x00000020   Code   RO         3765    i.ADS1115_SetCompQue  ads1115.o
    0x08000718   0x00000080   Code   RO         3766    i.ADS1115_SetGain   ads1115.o
    0x08000798   0x00000024   Code   RO         3768    i.ADS1115_SetMux    ads1115.o
    0x080007bc   0x00000026   Code   RO         3847    i.ADS1115_WriteAdsReg  ads1115_iic.o
    0x080007e2   0x00000004   Code   RO         3280    i.BusFault_Handler  stm32f10x_it.o
    0x080007e6   0x00000022   Code   RO         3771    i.DADS1115_SetCompPol  ads1115.o
    0x08000808   0x00000002   Code   RO         3281    i.DebugMon_Handler  stm32f10x_it.o
    0x0800080a   0x00000002   PAD
    0x0800080c   0x00000044   Code   RO         3470    i.DelayInit         delay.o
    0x08000850   0x0000004c   Code   RO         3471    i.DelayMs           delay.o
    0x0800089c   0x0000004c   Code   RO         3473    i.DelayUs           delay.o
    0x080008e8   0x00000180   Code   RO         3196    i.Dis_Dat           main.o
    0x08000a68   0x00000116   Code   RO         1347    i.GPIO_Init         stm32f10x_gpio.o
    0x08000b7e   0x00000002   PAD
    0x08000b80   0x00000044   Code   RO         3516    i.GPIO_OLED_Init    oled.o
    0x08000bc4   0x00000090   Code   RO         1349    i.GPIO_PinRemapConfig  stm32f10x_gpio.o
    0x08000c54   0x00000012   Code   RO         1351    i.GPIO_ReadInputDataBit  stm32f10x_gpio.o
    0x08000c66   0x00000004   Code   RO         1354    i.GPIO_ResetBits    stm32f10x_gpio.o
    0x08000c6a   0x00000004   Code   RO         1355    i.GPIO_SetBits      stm32f10x_gpio.o
    0x08000c6e   0x00000004   Code   RO         3282    i.HardFault_Handler  stm32f10x_it.o
    0x08000c72   0x0000006a   Code   RO         3848    i.IIC_ReadData      ads1115_iic.o
    0x08000cdc   0x00000048   Code   RO         3849    i.IIC_WriteBuf      ads1115_iic.o
    0x08000d24   0x00000058   Code   RO         3933    i.Key_GetNum        key.o
    0x08000d7c   0x0000002c   Code   RO         3934    i.Key_Init          key.o
    0x08000da8   0x00000004   Code   RO         3283    i.MemManage_Handler  stm32f10x_it.o
    0x08000dac   0x00000002   Code   RO         3284    i.NMI_Handler       stm32f10x_it.o
    0x08000dae   0x00000026   Code   RO         3410    i.NVIC_Configuration  bsp_usart.o
    0x08000dd4   0x00000070   Code   RO          137    i.NVIC_Init         misc.o
    0x08000e44   0x00000014   Code   RO          138    i.NVIC_PriorityGroupConfig  misc.o
    0x08000e58   0x0000003e   Code   RO         3517    i.OLED_Clear        oled.o
    0x08000e96   0x00000002   PAD
    0x08000e98   0x000001c0   Code   RO         3521    i.OLED_Float        oled.o
    0x08001058   0x00000030   Code   RO         3523    i.OLED_IIC_Start    oled.o
    0x08001088   0x00000028   Code   RO         3524    i.OLED_IIC_Stop     oled.o
    0x080010b0   0x0000001c   Code   RO         3525    i.OLED_IIC_Wait_Ack  oled.o
    0x080010cc   0x000000e8   Code   RO         3526    i.OLED_Init         oled.o
    0x080011b4   0x00000028   Code   RO         3533    i.OLED_Set_Pos      oled.o
    0x080011dc   0x000000a4   Code   RO         3535    i.OLED_ShowChar     oled.o
    0x08001280   0x00000036   Code   RO         3537    i.OLED_ShowString   oled.o
    0x080012b6   0x00000018   Code   RO         3538    i.OLED_WR_Byte      oled.o
    0x080012ce   0x00000002   PAD
    0x080012d0   0x0000005c   Code   RO         3539    i.OLED_Write_IIC_Byte  oled.o
    0x0800132c   0x0000002c   Code   RO         3540    i.OLED_Write_IIC_Command  oled.o
    0x08001358   0x0000002c   Code   RO         3541    i.OLED_Write_IIC_Data  oled.o
    0x08001384   0x00000082   Code   RO         3197    i.OLED_printf       main.o
    0x08001406   0x00000002   Code   RO         3285    i.PendSV_Handler    stm32f10x_it.o
    0x08001408   0x00000020   Code   RO         1777    i.RCC_APB2PeriphClockCmd  stm32f10x_rcc.o
    0x08001428   0x000000d4   Code   RO         1785    i.RCC_GetClocksFreq  stm32f10x_rcc.o
    0x080014fc   0x00000090   Code   RO         3343    i.SPI1_Init         myspi.o
    0x0800158c   0x00000054   Code   RO         3344    i.SPI1_ReadWriteByte  myspi.o
    0x080015e0   0x00000028   Code   RO         3345    i.SPI1_SetSpeed     myspi.o
    0x08001608   0x00000018   Code   RO         2263    i.SPI_Cmd           stm32f10x_spi.o
    0x08001620   0x00000012   Code   RO         2271    i.SPI_I2S_GetFlagStatus  stm32f10x_spi.o
    0x08001632   0x00000006   Code   RO         2274    i.SPI_I2S_ReceiveData  stm32f10x_spi.o
    0x08001638   0x00000004   Code   RO         2275    i.SPI_I2S_SendData  stm32f10x_spi.o
    0x0800163c   0x0000003c   Code   RO         2276    i.SPI_Init          stm32f10x_spi.o
    0x08001678   0x00000002   Code   RO         3286    i.SVC_Handler       stm32f10x_it.o
    0x0800167a   0x00000008   Code   RO           17    i.SetSysClock       system_stm32f10x.o
    0x08001682   0x00000002   PAD
    0x08001684   0x000000e0   Code   RO           18    i.SetSysClockTo72   system_stm32f10x.o
    0x08001764   0x00000028   Code   RO          141    i.SysTick_CLKSourceConfig  misc.o
    0x0800178c   0x00000002   Code   RO         3287    i.SysTick_Handler   stm32f10x_it.o
    0x0800178e   0x00000002   PAD
    0x08001790   0x00000060   Code   RO           20    i.SystemInit        system_stm32f10x.o
    0x080017f0   0x00000018   Code   RO         2960    i.USART_Cmd         stm32f10x_usart.o
    0x08001808   0x00000090   Code   RO         3411    i.USART_Config      bsp_usart.o
    0x08001898   0x0000001a   Code   RO         2963    i.USART_GetFlagStatus  stm32f10x_usart.o
    0x080018b2   0x0000004a   Code   RO         2966    i.USART_ITConfig    stm32f10x_usart.o
    0x080018fc   0x000000d8   Code   RO         2967    i.USART_Init        stm32f10x_usart.o
    0x080019d4   0x00000008   Code   RO         2977    i.USART_SendData    stm32f10x_usart.o
    0x080019dc   0x00000004   Code   RO         3288    i.UsageFault_Handler  stm32f10x_it.o
    0x080019e0   0x0000001e   Code   RO         3413    i.Usart_SendByte    bsp_usart.o
    0x080019fe   0x0000002a   Code   RO         3415    i.Usart_SendString  bsp_usart.o
    0x08001a28   0x0000004c   Code   RO         3198    i.gear_position     main.o
    0x08001a74   0x00000094   Code   RO         3199    i.just_vol          main.o
    0x08001b08   0x000001dc   Code   RO         3200    i.main              main.o
    0x08001ce4   0x00000062   Code   RO         3960    x$fpl$d2f           fz_ws.l(d2f.o)
    0x08001d46   0x00000002   PAD
    0x08001d48   0x00000150   Code   RO         3962    x$fpl$dadd          fz_ws.l(daddsub_clz.o)
    0x08001e98   0x00000018   Code   RO         4021    x$fpl$dcmpinf       fz_ws.l(dcmpi.o)
    0x08001eb0   0x000002b0   Code   RO         3969    x$fpl$ddiv          fz_ws.l(ddiv.o)
    0x08002160   0x0000005e   Code   RO         3972    x$fpl$dfix          fz_ws.l(dfix.o)
    0x080021be   0x00000002   PAD
    0x080021c0   0x0000005a   Code   RO         3976    x$fpl$dfixu         fz_ws.l(dfixu.o)
    0x0800221a   0x0000002e   Code   RO         3981    x$fpl$dflt          fz_ws.l(dflt_clz.o)
    0x08002248   0x00000078   Code   RO         3986    x$fpl$dleqf         fz_ws.l(dleqf.o)
    0x080022c0   0x00000154   Code   RO         3988    x$fpl$dmul          fz_ws.l(dmul.o)
    0x08002414   0x0000009c   Code   RO         4023    x$fpl$dnaninf       fz_ws.l(dnaninf.o)
    0x080024b0   0x0000000c   Code   RO         4025    x$fpl$dretinf       fz_ws.l(dretinf.o)
    0x080024bc   0x0000006c   Code   RO         3990    x$fpl$drleqf        fz_ws.l(drleqf.o)
    0x08002528   0x00000016   Code   RO         3963    x$fpl$drsb          fz_ws.l(daddsub_clz.o)
    0x0800253e   0x00000002   PAD
    0x08002540   0x000001d4   Code   RO         3964    x$fpl$dsub          fz_ws.l(daddsub_clz.o)
    0x08002714   0x00000056   Code   RO         3992    x$fpl$f2d           fz_ws.l(f2d.o)
    0x0800276a   0x00000002   PAD
    0x0800276c   0x000000c4   Code   RO         3994    x$fpl$fadd          fz_ws.l(faddsub_clz.o)
    0x08002830   0x00000018   Code   RO         4027    x$fpl$fcmpinf       fz_ws.l(fcmpi.o)
    0x08002848   0x00000184   Code   RO         4001    x$fpl$fdiv          fz_ws.l(fdiv.o)
    0x080029cc   0x00000036   Code   RO         4004    x$fpl$ffix          fz_ws.l(ffix.o)
    0x08002a02   0x00000002   PAD
    0x08002a04   0x00000030   Code   RO         4009    x$fpl$fflt          fz_ws.l(fflt_clz.o)
    0x08002a34   0x00000068   Code   RO         4014    x$fpl$fleqf         fz_ws.l(fleqf.o)
    0x08002a9c   0x00000102   Code   RO         4016    x$fpl$fmul          fz_ws.l(fmul.o)
    0x08002b9e   0x0000008c   Code   RO         4029    x$fpl$fnaninf       fz_ws.l(fnaninf.o)
    0x08002c2a   0x0000000a   Code   RO         4031    x$fpl$fretinf       fz_ws.l(fretinf.o)
    0x08002c34   0x00000062   Code   RO         4018    x$fpl$frleqf        fz_ws.l(frleqf.o)
    0x08002c96   0x00000014   Code   RO         3995    x$fpl$frsb          fz_ws.l(faddsub_clz.o)
    0x08002caa   0x00000002   PAD
    0x08002cac   0x000000ea   Code   RO         3996    x$fpl$fsub          fz_ws.l(faddsub_clz.o)
    0x08002d96   0x00000000   Code   RO         4033    x$fpl$usenofp       fz_ws.l(usenofp.o)
    0x08002d96   0x00000818   Data   RO         3545    .constdata          oled.o
    0x080035ae   0x00000002   PAD
    0x080035b0   0x00000020   Data   RO         4188    Region$$Table       anon$$obj.o


    Execution Region RW_IRAM1 (Base: 0x20000000, Size: 0x000006e8, Max: 0x00010000, ABSOLUTE)

    Base Addr    Size         Type   Attr      Idx    E Section Name        Object

    0x20000000   0x00000014   Data   RW           21    .data               system_stm32f10x.o
    0x20000014   0x00000014   Data   RW         1805    .data               stm32f10x_rcc.o
    0x20000028   0x00000058   Data   RW         3201    .data               main.o
    0x20000080   0x00000004   Data   RW         3474    .data               delay.o
    0x20000084   0x00000004   Data   RW         3772    .data               ads1115.o
    0x20000088   0x00000060   Zero   RW         4060    .bss                c_w.l(libspace.o)
    0x200000e8   0x00000200   Zero   RW          131    HEAP                startup_stm32f10x_hd.o
    0x200002e8   0x00000400   Zero   RW          130    STACK               startup_stm32f10x_hd.o


==============================================================================

Image component sizes


      Code (inc. data)   RO Data    RW Data    ZI Data      Debug   Object Name

       184         14          0          0          0       2222   ad5293.o
       450         18          0          4          0       3905   ads1115.o
       944         94          0          0          0       7280   ads1115_iic.o
       254          8          0          0          0       2371   bsp_usart.o
         0          0          0          0          0       4532   core_cm3.o
       220         26          0          4          0       1540   delay.o
       132         10          0          0          0        908   key.o
      1214        116          0         88          0       3964   main.o
       172         22          0          0          0     206441   misc.o
       268         20          0          0          0       1629   myspi.o
      1388         44       2072          0          0       8542   oled.o
        64         26        304          0       1536        756   startup_stm32f10x_hd.o
         0          0          0          0          0       1624   stm32f10x_adc.o
       448          6          0          0          0      12362   stm32f10x_gpio.o
        26          0          0          0          0       3450   stm32f10x_it.o
       244         26          0         20          0      12277   stm32f10x_rcc.o
       112          0          0          0          0      10262   stm32f10x_spi.o
       348          6          0          0          0      10409   stm32f10x_usart.o
       328         28          0         20          0      31773   system_stm32f10x.o

    ----------------------------------------------------------------------
      6812        464       2410        136       1536     326247   Object Totals
         0          0         32          0          0          0   (incl. Generated)
        16          0          2          0          0          0   (incl. Padding)

    ----------------------------------------------------------------------

      Code (inc. data)   RO Data    RW Data    ZI Data      Debug   Library Member Name

         8          0          0          0          0         68   __main.o
         0          0          0          0          0          0   __rtentry.o
        12          0          0          0          0          0   __rtentry2.o
         6          0          0          0          0          0   __rtentry4.o
        52          8          0          0          0          0   __scatter.o
        26          0          0          0          0          0   __scatter_copy.o
        28          0          0          0          0          0   __scatter_zi.o
        18          0          0          0          0         80   exit.o
         6          0          0          0          0        152   heapauxi.o
         0          0          0          0          0          0   indicate_semi.o
         2          0          0          0          0          0   libinit.o
         2          0          0          0          0          0   libinit2.o
         2          0          0          0          0          0   libshutdown.o
         2          0          0          0          0          0   libshutdown2.o
         8          4          0          0         96         68   libspace.o
         2          0          0          0          0          0   rtexit.o
        10          0          0          0          0          0   rtexit2.o
        12          4          0          0          0         68   sys_exit.o
        74          0          0          0          0         80   sys_stackheap_outer.o
         2          0          0          0          0         68   use_no_semi.o
        98          4          0          0          0         92   d2f.o
       826         16          0          0          0        348   daddsub_clz.o
        24          0          0          0          0         68   dcmpi.o
       688        140          0          0          0        208   ddiv.o
        94          4          0          0          0         92   dfix.o
        90          4          0          0          0         92   dfixu.o
        46          0          0          0          0         68   dflt_clz.o
       120          4          0          0          0         92   dleqf.o
       340         12          0          0          0        104   dmul.o
       156          4          0          0          0         92   dnaninf.o
        12          0          0          0          0         68   dretinf.o
       108          0          0          0          0         80   drleqf.o
        86          4          0          0          0         84   f2d.o
       450          8          0          0          0        236   faddsub_clz.o
        24          0          0          0          0         68   fcmpi.o
       388         76          0          0          0         96   fdiv.o
        54          4          0          0          0         84   ffix.o
        48          0          0          0          0         68   fflt_clz.o
       104          4          0          0          0         84   fleqf.o
       258          4          0          0          0         84   fmul.o
       140          4          0          0          0         84   fnaninf.o
        10          0          0          0          0         68   fretinf.o
        98          0          0          0          0         68   frleqf.o
         0          0          0          0          0          0   usenofp.o

    ----------------------------------------------------------------------
      4554        308          0          0         96       3012   Library Totals
        20          0          0          0          0          0   (incl. Padding)

    ----------------------------------------------------------------------

      Code (inc. data)   RO Data    RW Data    ZI Data      Debug   Library Name

       272         16          0          0         96        584   c_w.l
      4262        292          0          0          0       2428   fz_ws.l

    ----------------------------------------------------------------------
      4554        308          0          0         96       3012   Library Totals

    ----------------------------------------------------------------------

==============================================================================


      Code (inc. data)   RO Data    RW Data    ZI Data      Debug   

     11366        772       2410        136       1632     323327   Grand Totals
     11366        772       2410        136       1632     323327   ELF Image Totals
     11366        772       2410        136          0          0   ROM Totals

==============================================================================

    Total RO  Size (Code + RO Data)                13776 (  13.45kB)
    Total RW  Size (RW Data + ZI Data)              1768 (   1.73kB)
    Total ROM Size (Code + RO Data + RW Data)      13912 (  13.59kB)

==============================================================================

